******************************************************************************
                  MSP430 Linker PC v4.4.3                      
******************************************************************************
>> Linked Mon May 11 21:16:37 2015

OUTPUT FILE NAME:   <Blink.out>
ENTRY POINT SYMBOL: "_c_int00_noargs_noexit"  address: 0000d832


MEMORY CONFIGURATION

         name            origin    length      used     unused   attr    fill
----------------------  --------  ---------  --------  --------  ----  --------
  SFR                   00000000   00000010  00000000  00000010  RWIX
  PERIPHERALS_8BIT      00000010   000000f0  00000000  000000f0  RWIX
  PERIPHERALS_16BIT     00000100   00000100  00000000  00000100  RWIX
  RAM                   00000200   00000200  00000090  00000170  RWIX
  INFOD                 00001000   00000040  00000000  00000040  RWIX
  INFOC                 00001040   00000040  00000000  00000040  RWIX
  INFOB                 00001080   00000040  00000000  00000040  RWIX
  INFOA                 000010c0   00000040  00000000  00000040  RWIX
  FLASH                 0000c000   00003fe0  0000192e  000026b2  RWIX
  INT00                 0000ffe0   00000002  00000002  00000000  RWIX
  INT01                 0000ffe2   00000002  00000000  00000002  RWIX
  INT02                 0000ffe4   00000002  00000002  00000000  RWIX
  INT03                 0000ffe6   00000002  00000002  00000000  RWIX
  INT04                 0000ffe8   00000002  00000000  00000002  RWIX
  INT05                 0000ffea   00000002  00000002  00000000  RWIX
  INT06                 0000ffec   00000002  00000002  00000000  RWIX
  INT07                 0000ffee   00000002  00000002  00000000  RWIX
  INT08                 0000fff0   00000002  00000002  00000000  RWIX
  INT09                 0000fff2   00000002  00000002  00000000  RWIX
  INT10                 0000fff4   00000002  00000002  00000000  RWIX
  INT11                 0000fff6   00000002  00000002  00000000  RWIX
  INT12                 0000fff8   00000002  00000002  00000000  RWIX
  INT13                 0000fffa   00000002  00000002  00000000  RWIX
  INT14                 0000fffc   00000002  00000002  00000000  RWIX
  RESET                 0000fffe   00000002  00000002  00000000  RWIX


SECTION ALLOCATION MAP

 output                                  attributes/
section   page    origin      length       input sections
--------  ----  ----------  ----------   ----------------
.data      0    00000200    00000026     UNINITIALIZED
                  00000200    00000018     main_1.obj (.data)
                  00000218    0000000e     main_1.obj (.data:ADC)

.bss       0    00000226    0000001a     UNINITIALIZED
                  00000226    00000004     (.common:PWM1)
                  0000022a    00000004     (.common:PWM2)
                  0000022e    00000004     (.common:PWM3)
                  00000232    00000004     (.common:dato1)
                  00000236    00000004     (.common:dato2)
                  0000023a    00000004     (.common:dato3)
                  0000023e    00000002     (.common:id_Motor)

.stack     0    000003b0    00000050     UNINITIALIZED
                  000003b0    00000002     rts430_eabi.lib : boot.obj (.stack)
                  000003b2    0000004e     --HOLE--

.text      0    0000c000    000018f2     
                  0000c000    000004d4     main_1.obj (.text:main)
                  0000c4d4    000002f4     rts430_eabi.lib : frcmpyd.obj (.text:__TI_frcmpyd)
                  0000c7c8    000002e8                     : addd.obj (.text:__mspabi_addd)
                  0000cab0    0000026e                     : mpyd.obj (.text:__mspabi_mpyd)
                  0000cd1e    00000260                     : frcaddd.obj (.text:__TI_frcaddd)
                  0000cf7e    00000130                     : fs_add.obj (.text)
                  0000d0ae    000000c2                     : fs_mpy.obj (.text)
                  0000d170    000000be                     : renormd.obj (.text:__TI_renormd)
                  0000d22e    0000009a                     : fs_div.obj (.text)
                  0000d2c8    0000008c                     : cvtdf.obj (.text:__mspabi_cvtdf)
                  0000d354    00000080                     : fltuld.obj (.text:__mspabi_fltuld)
                  0000d3d4    00000074                     : fixdul.obj (.text:__mspabi_fixdul)
                  0000d448    00000068                     : cvtfd.obj (.text:__mspabi_cvtfd)
                  0000d4b0    00000066     main_1.obj (.text:USCI0RX_ISR)
                  0000d516    00000064     rts430_eabi.lib : copy_decompress_rle.obj (.text:__TI_decompress_rle_core)
                  0000d57a    0000005c                     : lsr32.obj (.text:l_lsr_const)
                  0000d5d6    00000058                     : autoinit.obj (.text:_auto_init)
                  0000d62e    0000004c                     : lsr16.obj (.text)
                  0000d67a    0000004a                     : fs_cmp.obj (.text)
                  0000d6c4    00000046                     : fs_tou.obj (.text)
                  0000d70a    0000003e                     : asr32.obj (.text:l_asr_const)
                  0000d748    0000003e                     : lsl32.obj (.text:l_lsl_const)
                  0000d786    0000002e                     : subd.obj (.text:__mspabi_subd)
                  0000d7b4    0000002c                     : asr16.obj (.text)
                  0000d7e0    0000002c                     : lsl16.obj (.text)
                  0000d80c    00000026                     : mult32.obj (.text)
                  0000d832    0000001a                     : boot_special.obj (.text:_c_int00_noargs_noexit)
                  0000d84c    00000014                     : copy_zero_init.obj (.text:decompress:ZI:__TI_zero_init)
                  0000d860    00000012                     : fixdu.obj (.text:__mspabi_fixdu)
                  0000d872    00000012                     : copy_decompress_none.obj (.text:decompress:none:__TI_decompress_none)
                  0000d884    00000012                     : lsr32.obj (.text:l_lsr)
                  0000d896    00000012                     : memcpy.obj (.text:memcpy)
                  0000d8a8    00000010                     : asr32.obj (.text:l_asr)
                  0000d8b8    00000010                     : lsl32.obj (.text:l_lsl)
                  0000d8c8    00000010                     : epilog.obj (.text)
                  0000d8d8    00000006                     : fltud.obj (.text:__mspabi_fltud)
                  0000d8de    00000006                     : isr_trap.obj (.text:_isr:__TI_ISR_TRAP)
                  0000d8e4    00000006                     : copy_decompress_rle.obj (.text:decompress:rle24:__TI_decompress_rle24)
                  0000d8ea    00000004                     : pre_init.obj (.text:_system_pre_init)
                  0000d8ee    00000004                     : exit.obj (.text:abort)

.cinit     0    0000d8f2    0000003c     
                  0000d8f2    00000029     (.cinit..data.load) [load image, compression = rle]
                  0000d91b    00000001     --HOLE-- [fill = 0]
                  0000d91c    00000006     (__TI_handler_table)
                  0000d922    00000004     (.cinit..bss.load) [load image, compression = zero_init]
                  0000d926    00000008     (__TI_cinit_table)

.init_array 
*          0    0000c000    00000000     UNINITIALIZED

.TI.persistent 
*          0    00000200    00000000     UNINITIALIZED

TRAPINT    0    0000ffe0    00000002     
                  0000ffe0    00000002     rts430_eabi.lib : int00.obj (.int00)

PORT1      0    0000ffe4    00000002     
                  0000ffe4    00000002     rts430_eabi.lib : int02.obj (.int02)

PORT2      0    0000ffe6    00000002     
                  0000ffe6    00000002     rts430_eabi.lib : int03.obj (.int03)

ADC10      0    0000ffea    00000002     
                  0000ffea    00000002     rts430_eabi.lib : int05.obj (.int05)

USCIAB0TX 
*          0    0000ffec    00000002     
                  0000ffec    00000002     rts430_eabi.lib : int06.obj (.int06)

USCIAB0RX 
*          0    0000ffee    00000002     
                  0000ffee    00000002     main_1.obj (.int07)

TIMER0_A1 
*          0    0000fff0    00000002     
                  0000fff0    00000002     rts430_eabi.lib : int08.obj (.int08)

TIMER0_A0 
*          0    0000fff2    00000002     
                  0000fff2    00000002     rts430_eabi.lib : int09.obj (.int09)

WDT        0    0000fff4    00000002     
                  0000fff4    00000002     rts430_eabi.lib : int10.obj (.int10)

COMPARATORA 
*          0    0000fff6    00000002     
                  0000fff6    00000002     rts430_eabi.lib : int11.obj (.int11)

TIMER1_A1 
*          0    0000fff8    00000002     
                  0000fff8    00000002     rts430_eabi.lib : int12.obj (.int12)

TIMER1_A0 
*          0    0000fffa    00000002     
                  0000fffa    00000002     rts430_eabi.lib : int13.obj (.int13)

NMI        0    0000fffc    00000002     
                  0000fffc    00000002     rts430_eabi.lib : int14.obj (.int14)

.reset     0    0000fffe    00000002     
                  0000fffe    00000002     rts430_eabi.lib : boot.obj (.reset)


LINKER GENERATED COPY TABLES

__TI_cinit_table @ 0000d926 records: 2, size/record: 4, table size: 8
	.data: load addr=0000d8f2, load size=00000029 bytes, run addr=00000200, run size=00000026 bytes, compression=rle
	.bss: load addr=0000d922, load size=00000004 bytes, run addr=00000226, run size=0000001a bytes, compression=zero_init


LINKER GENERATED HANDLER TABLE

__TI_handler_table @ 0000d91c records: 3, size/record: 2, table size: 6
	index: 0, handler: __TI_zero_init
	index: 1, handler: __TI_decompress_rle24
	index: 2, handler: __TI_decompress_none


GLOBAL SYMBOLS: SORTED ALPHABETICALLY BY Name 

address   name                    
-------   ----                    
00000218  ADC                     
0000004a  ADC10AE0                
000001b0  ADC10CTL0               
000001b2  ADC10CTL1               
00000048  ADC10DTC0               
00000049  ADC10DTC1               
000001b4  ADC10MEM                
000001bc  ADC10SA                 
00000057  BCSCTL1                 
00000058  BCSCTL2                 
00000053  BCSCTL3                 
0000d8ee  C$$EXIT                 
00000059  CACTL1                  
0000005a  CACTL2                  
000010fb  CALBC1_12MHZ            
000010f9  CALBC1_16MHZ            
000010ff  CALBC1_1MHZ             
000010fd  CALBC1_8MHZ             
000010fa  CALDCO_12MHZ            
000010f8  CALDCO_16MHZ            
000010fe  CALDCO_1MHZ             
000010fc  CALDCO_8MHZ             
0000005b  CAPD                    
00000056  DCOCTL                  
00000208  DC_PWM_Motor1           
00000128  FCTL1                   
0000012a  FCTL2                   
0000012c  FCTL3                   
00000000  IE1                     
00000001  IE2                     
00000002  IFG1                    
00000003  IFG2                    
00000022  P1DIR                   
00000025  P1IE                    
00000024  P1IES                   
00000023  P1IFG                   
00000020  P1IN                    
00000021  P1OUT                   
00000027  P1REN                   
00000026  P1SEL                   
00000041  P1SEL2                  
0000002a  P2DIR                   
0000002d  P2IE                    
0000002c  P2IES                   
0000002b  P2IFG                   
00000028  P2IN                    
00000029  P2OUT                   
0000002f  P2REN                   
0000002e  P2SEL                   
00000042  P2SEL2                  
0000001a  P3DIR                   
00000018  P3IN                    
00000019  P3OUT                   
00000010  P3REN                   
0000001b  P3SEL                   
00000043  P3SEL2                  
00000226  PWM1                    
0000022a  PWM2                    
0000022e  PWM3                    
00000172  TA0CCR0                 
00000174  TA0CCR1                 
00000176  TA0CCR2                 
00000162  TA0CCTL0                
00000164  TA0CCTL1                
00000166  TA0CCTL2                
00000160  TA0CTL                  
0000012e  TA0IV                   
00000170  TA0R                    
00000192  TA1CCR0                 
00000194  TA1CCR1                 
00000196  TA1CCR2                 
00000182  TA1CCTL0                
00000184  TA1CCTL1                
00000186  TA1CCTL2                
00000180  TA1CTL                  
0000011e  TA1IV                   
00000190  TA1R                    
000010db  TLV_ADC10_1_LEN         
000010da  TLV_ADC10_1_TAG         
000010c0  TLV_CHECKSUM            
000010f7  TLV_DCO_30_LEN          
000010f6  TLV_DCO_30_TAG          
0000005d  UCA0ABCTL               
00000062  UCA0BR0                 
00000063  UCA0BR1                 
00000060  UCA0CTL0                
00000061  UCA0CTL1                
0000005f  UCA0IRRCTL              
0000005e  UCA0IRTCTL              
00000064  UCA0MCTL                
00000066  UCA0RXBUF               
00000065  UCA0STAT                
00000067  UCA0TXBUF               
0000006a  UCB0BR0                 
0000006b  UCB0BR1                 
00000068  UCB0CTL0                
00000069  UCB0CTL1                
0000006c  UCB0I2CIE               
00000118  UCB0I2COA               
0000011a  UCB0I2CSA               
0000006e  UCB0RXBUF               
0000006d  UCB0STAT                
0000006f  UCB0TXBUF               
0000d4b0  USCI0RX_ISR             
00000120  WDTCTL                  
00000400  __STACK_END             
00000050  __STACK_SIZE            
0000d926  __TI_CINIT_Base         
0000d92e  __TI_CINIT_Limit        
0000d91c  __TI_Handler_Table_Base 
0000d922  __TI_Handler_Table_Limit
UNDEFED   __TI_INITARRAY_Base     
UNDEFED   __TI_INITARRAY_Limit    
0000d8de  __TI_ISR_TRAP           
0000d872  __TI_decompress_none    
0000d8e4  __TI_decompress_rle24   
0000cd1e  __TI_frcaddd            
0000c4d4  __TI_frcmpyd            
0000ffe0  __TI_int00              
0000ffe4  __TI_int02              
0000ffe6  __TI_int03              
0000ffea  __TI_int05              
0000ffec  __TI_int06              
0000ffee  __TI_int07              
0000fff0  __TI_int08              
0000fff2  __TI_int09              
0000fff4  __TI_int10              
0000fff6  __TI_int11              
0000fff8  __TI_int12              
0000fffa  __TI_int13              
0000fffc  __TI_int14              
0000d170  __TI_renormd            
0000d84c  __TI_zero_init          
ffffffff  __binit__               
ffffffff  __c_args__              
0000c7c8  __mspabi_addd           
0000cf84  __mspabi_addf           
0000d67a  __mspabi_cmpf           
0000d2c8  __mspabi_cvtdf          
0000d448  __mspabi_cvtfd          
0000d22e  __mspabi_divf           
0000d860  __mspabi_fixdu          
0000d3d4  __mspabi_fixdul         
0000d6c4  __mspabi_fixfu          
0000d8d8  __mspabi_fltud          
0000d354  __mspabi_fltuld         
0000d8d4  __mspabi_func_epilog_1  
0000d8d2  __mspabi_func_epilog_2  
0000d8d0  __mspabi_func_epilog_3  
0000d8ce  __mspabi_func_epilog_4  
0000d8cc  __mspabi_func_epilog_5  
0000d8ca  __mspabi_func_epilog_6  
0000d8c8  __mspabi_func_epilog_7  
0000cab0  __mspabi_mpyd           
0000d0ae  __mspabi_mpyf           
0000d80c  __mspabi_mpyl           
0000d80c  __mspabi_mpyl_sw        
0000d7e0  __mspabi_slli           
0000d808  __mspabi_slli_1         
0000d7f6  __mspabi_slli_10        
0000d7f4  __mspabi_slli_11        
0000d7f2  __mspabi_slli_12        
0000d7f0  __mspabi_slli_13        
0000d7ee  __mspabi_slli_14        
0000d7ec  __mspabi_slli_15        
0000d806  __mspabi_slli_2         
0000d804  __mspabi_slli_3         
0000d802  __mspabi_slli_4         
0000d800  __mspabi_slli_5         
0000d7fe  __mspabi_slli_6         
0000d7fc  __mspabi_slli_7         
0000d7fa  __mspabi_slli_8         
0000d7f8  __mspabi_slli_9         
0000d8b8  __mspabi_slll           
0000d780  __mspabi_slll_1         
0000d75c  __mspabi_slll_10        
0000d758  __mspabi_slll_11        
0000d754  __mspabi_slll_12        
0000d750  __mspabi_slll_13        
0000d74c  __mspabi_slll_14        
0000d748  __mspabi_slll_15        
0000d77c  __mspabi_slll_2         
0000d778  __mspabi_slll_3         
0000d774  __mspabi_slll_4         
0000d770  __mspabi_slll_5         
0000d76c  __mspabi_slll_6         
0000d768  __mspabi_slll_7         
0000d764  __mspabi_slll_8         
0000d760  __mspabi_slll_9         
0000d7b4  __mspabi_srai           
0000d7dc  __mspabi_srai_1         
0000d7ca  __mspabi_srai_10        
0000d7c8  __mspabi_srai_11        
0000d7c6  __mspabi_srai_12        
0000d7c4  __mspabi_srai_13        
0000d7c2  __mspabi_srai_14        
0000d7c0  __mspabi_srai_15        
0000d7da  __mspabi_srai_2         
0000d7d8  __mspabi_srai_3         
0000d7d6  __mspabi_srai_4         
0000d7d4  __mspabi_srai_5         
0000d7d2  __mspabi_srai_6         
0000d7d0  __mspabi_srai_7         
0000d7ce  __mspabi_srai_8         
0000d7cc  __mspabi_srai_9         
0000d8a8  __mspabi_sral           
0000d742  __mspabi_sral_1         
0000d71e  __mspabi_sral_10        
0000d71a  __mspabi_sral_11        
0000d716  __mspabi_sral_12        
0000d712  __mspabi_sral_13        
0000d70e  __mspabi_sral_14        
0000d70a  __mspabi_sral_15        
0000d73e  __mspabi_sral_2         
0000d73a  __mspabi_sral_3         
0000d736  __mspabi_sral_4         
0000d732  __mspabi_sral_5         
0000d72e  __mspabi_sral_6         
0000d72a  __mspabi_sral_7         
0000d726  __mspabi_sral_8         
0000d722  __mspabi_sral_9         
0000d62e  __mspabi_srli           
0000d674  __mspabi_srli_1         
0000d650  __mspabi_srli_10        
0000d64c  __mspabi_srli_11        
0000d648  __mspabi_srli_12        
0000d644  __mspabi_srli_13        
0000d640  __mspabi_srli_14        
0000d63c  __mspabi_srli_15        
0000d670  __mspabi_srli_2         
0000d66c  __mspabi_srli_3         
0000d668  __mspabi_srli_4         
0000d664  __mspabi_srli_5         
0000d660  __mspabi_srli_6         
0000d65c  __mspabi_srli_7         
0000d658  __mspabi_srli_8         
0000d654  __mspabi_srli_9         
0000d884  __mspabi_srll           
0000d5ce  __mspabi_srll_1         
0000d598  __mspabi_srll_10        
0000d592  __mspabi_srll_11        
0000d58c  __mspabi_srll_12        
0000d586  __mspabi_srll_13        
0000d580  __mspabi_srll_14        
0000d57a  __mspabi_srll_15        
0000d5c8  __mspabi_srll_2         
0000d5c2  __mspabi_srll_3         
0000d5bc  __mspabi_srll_4         
0000d5b6  __mspabi_srll_5         
0000d5b0  __mspabi_srll_6         
0000d5aa  __mspabi_srll_7         
0000d5a4  __mspabi_srll_8         
0000d59e  __mspabi_srll_9         
0000d786  __mspabi_subd           
0000cf7e  __mspabi_subf           
0000d5d6  _auto_init              
0000d832  _c_int00_noargs_noexit  
0000fffe  _reset_vector           
000003b0  _stack                  
0000d8ea  _system_pre_init        
0000d8ee  abort                   
ffffffff  binit                   
00000210  clk                     
00000232  dato1                   
00000236  dato2                   
0000023a  dato3                   
0000023e  id_Motor                
0000c000  main                    
0000d896  memcpy                  
00000214  periodo                 
00000204  periodoPWM_Moto1        
0000020c  reloj                   
00000202  sentidoMotor1           
00000200  sentidoMotor2           


GLOBAL SYMBOLS: SORTED BY Symbol Address 

address   name                    
-------   ----                    
00000000  IE1                     
00000001  IE2                     
00000002  IFG1                    
00000003  IFG2                    
00000010  P3REN                   
00000018  P3IN                    
00000019  P3OUT                   
0000001a  P3DIR                   
0000001b  P3SEL                   
00000020  P1IN                    
00000021  P1OUT                   
00000022  P1DIR                   
00000023  P1IFG                   
00000024  P1IES                   
00000025  P1IE                    
00000026  P1SEL                   
00000027  P1REN                   
00000028  P2IN                    
00000029  P2OUT                   
0000002a  P2DIR                   
0000002b  P2IFG                   
0000002c  P2IES                   
0000002d  P2IE                    
0000002e  P2SEL                   
0000002f  P2REN                   
00000041  P1SEL2                  
00000042  P2SEL2                  
00000043  P3SEL2                  
00000048  ADC10DTC0               
00000049  ADC10DTC1               
0000004a  ADC10AE0                
00000050  __STACK_SIZE            
00000053  BCSCTL3                 
00000056  DCOCTL                  
00000057  BCSCTL1                 
00000058  BCSCTL2                 
00000059  CACTL1                  
0000005a  CACTL2                  
0000005b  CAPD                    
0000005d  UCA0ABCTL               
0000005e  UCA0IRTCTL              
0000005f  UCA0IRRCTL              
00000060  UCA0CTL0                
00000061  UCA0CTL1                
00000062  UCA0BR0                 
00000063  UCA0BR1                 
00000064  UCA0MCTL                
00000065  UCA0STAT                
00000066  UCA0RXBUF               
00000067  UCA0TXBUF               
00000068  UCB0CTL0                
00000069  UCB0CTL1                
0000006a  UCB0BR0                 
0000006b  UCB0BR1                 
0000006c  UCB0I2CIE               
0000006d  UCB0STAT                
0000006e  UCB0RXBUF               
0000006f  UCB0TXBUF               
00000118  UCB0I2COA               
0000011a  UCB0I2CSA               
0000011e  TA1IV                   
00000120  WDTCTL                  
00000128  FCTL1                   
0000012a  FCTL2                   
0000012c  FCTL3                   
0000012e  TA0IV                   
00000160  TA0CTL                  
00000162  TA0CCTL0                
00000164  TA0CCTL1                
00000166  TA0CCTL2                
00000170  TA0R                    
00000172  TA0CCR0                 
00000174  TA0CCR1                 
00000176  TA0CCR2                 
00000180  TA1CTL                  
00000182  TA1CCTL0                
00000184  TA1CCTL1                
00000186  TA1CCTL2                
00000190  TA1R                    
00000192  TA1CCR0                 
00000194  TA1CCR1                 
00000196  TA1CCR2                 
000001b0  ADC10CTL0               
000001b2  ADC10CTL1               
000001b4  ADC10MEM                
000001bc  ADC10SA                 
00000200  sentidoMotor2           
00000202  sentidoMotor1           
00000204  periodoPWM_Moto1        
00000208  DC_PWM_Motor1           
0000020c  reloj                   
00000210  clk                     
00000214  periodo                 
00000218  ADC                     
00000226  PWM1                    
0000022a  PWM2                    
0000022e  PWM3                    
00000232  dato1                   
00000236  dato2                   
0000023a  dato3                   
0000023e  id_Motor                
000003b0  _stack                  
00000400  __STACK_END             
000010c0  TLV_CHECKSUM            
000010da  TLV_ADC10_1_TAG         
000010db  TLV_ADC10_1_LEN         
000010f6  TLV_DCO_30_TAG          
000010f7  TLV_DCO_30_LEN          
000010f8  CALDCO_16MHZ            
000010f9  CALBC1_16MHZ            
000010fa  CALDCO_12MHZ            
000010fb  CALBC1_12MHZ            
000010fc  CALDCO_8MHZ             
000010fd  CALBC1_8MHZ             
000010fe  CALDCO_1MHZ             
000010ff  CALBC1_1MHZ             
0000c000  main                    
0000c4d4  __TI_frcmpyd            
0000c7c8  __mspabi_addd           
0000cab0  __mspabi_mpyd           
0000cd1e  __TI_frcaddd            
0000cf7e  __mspabi_subf           
0000cf84  __mspabi_addf           
0000d0ae  __mspabi_mpyf           
0000d170  __TI_renormd            
0000d22e  __mspabi_divf           
0000d2c8  __mspabi_cvtdf          
0000d354  __mspabi_fltuld         
0000d3d4  __mspabi_fixdul         
0000d448  __mspabi_cvtfd          
0000d4b0  USCI0RX_ISR             
0000d57a  __mspabi_srll_15        
0000d580  __mspabi_srll_14        
0000d586  __mspabi_srll_13        
0000d58c  __mspabi_srll_12        
0000d592  __mspabi_srll_11        
0000d598  __mspabi_srll_10        
0000d59e  __mspabi_srll_9         
0000d5a4  __mspabi_srll_8         
0000d5aa  __mspabi_srll_7         
0000d5b0  __mspabi_srll_6         
0000d5b6  __mspabi_srll_5         
0000d5bc  __mspabi_srll_4         
0000d5c2  __mspabi_srll_3         
0000d5c8  __mspabi_srll_2         
0000d5ce  __mspabi_srll_1         
0000d5d6  _auto_init              
0000d62e  __mspabi_srli           
0000d63c  __mspabi_srli_15        
0000d640  __mspabi_srli_14        
0000d644  __mspabi_srli_13        
0000d648  __mspabi_srli_12        
0000d64c  __mspabi_srli_11        
0000d650  __mspabi_srli_10        
0000d654  __mspabi_srli_9         
0000d658  __mspabi_srli_8         
0000d65c  __mspabi_srli_7         
0000d660  __mspabi_srli_6         
0000d664  __mspabi_srli_5         
0000d668  __mspabi_srli_4         
0000d66c  __mspabi_srli_3         
0000d670  __mspabi_srli_2         
0000d674  __mspabi_srli_1         
0000d67a  __mspabi_cmpf           
0000d6c4  __mspabi_fixfu          
0000d70a  __mspabi_sral_15        
0000d70e  __mspabi_sral_14        
0000d712  __mspabi_sral_13        
0000d716  __mspabi_sral_12        
0000d71a  __mspabi_sral_11        
0000d71e  __mspabi_sral_10        
0000d722  __mspabi_sral_9         
0000d726  __mspabi_sral_8         
0000d72a  __mspabi_sral_7         
0000d72e  __mspabi_sral_6         
0000d732  __mspabi_sral_5         
0000d736  __mspabi_sral_4         
0000d73a  __mspabi_sral_3         
0000d73e  __mspabi_sral_2         
0000d742  __mspabi_sral_1         
0000d748  __mspabi_slll_15        
0000d74c  __mspabi_slll_14        
0000d750  __mspabi_slll_13        
0000d754  __mspabi_slll_12        
0000d758  __mspabi_slll_11        
0000d75c  __mspabi_slll_10        
0000d760  __mspabi_slll_9         
0000d764  __mspabi_slll_8         
0000d768  __mspabi_slll_7         
0000d76c  __mspabi_slll_6         
0000d770  __mspabi_slll_5         
0000d774  __mspabi_slll_4         
0000d778  __mspabi_slll_3         
0000d77c  __mspabi_slll_2         
0000d780  __mspabi_slll_1         
0000d786  __mspabi_subd           
0000d7b4  __mspabi_srai           
0000d7c0  __mspabi_srai_15        
0000d7c2  __mspabi_srai_14        
0000d7c4  __mspabi_srai_13        
0000d7c6  __mspabi_srai_12        
0000d7c8  __mspabi_srai_11        
0000d7ca  __mspabi_srai_10        
0000d7cc  __mspabi_srai_9         
0000d7ce  __mspabi_srai_8         
0000d7d0  __mspabi_srai_7         
0000d7d2  __mspabi_srai_6         
0000d7d4  __mspabi_srai_5         
0000d7d6  __mspabi_srai_4         
0000d7d8  __mspabi_srai_3         
0000d7da  __mspabi_srai_2         
0000d7dc  __mspabi_srai_1         
0000d7e0  __mspabi_slli           
0000d7ec  __mspabi_slli_15        
0000d7ee  __mspabi_slli_14        
0000d7f0  __mspabi_slli_13        
0000d7f2  __mspabi_slli_12        
0000d7f4  __mspabi_slli_11        
0000d7f6  __mspabi_slli_10        
0000d7f8  __mspabi_slli_9         
0000d7fa  __mspabi_slli_8         
0000d7fc  __mspabi_slli_7         
0000d7fe  __mspabi_slli_6         
0000d800  __mspabi_slli_5         
0000d802  __mspabi_slli_4         
0000d804  __mspabi_slli_3         
0000d806  __mspabi_slli_2         
0000d808  __mspabi_slli_1         
0000d80c  __mspabi_mpyl           
0000d80c  __mspabi_mpyl_sw        
0000d832  _c_int00_noargs_noexit  
0000d84c  __TI_zero_init          
0000d860  __mspabi_fixdu          
0000d872  __TI_decompress_none    
0000d884  __mspabi_srll           
0000d896  memcpy                  
0000d8a8  __mspabi_sral           
0000d8b8  __mspabi_slll           
0000d8c8  __mspabi_func_epilog_7  
0000d8ca  __mspabi_func_epilog_6  
0000d8cc  __mspabi_func_epilog_5  
0000d8ce  __mspabi_func_epilog_4  
0000d8d0  __mspabi_func_epilog_3  
0000d8d2  __mspabi_func_epilog_2  
0000d8d4  __mspabi_func_epilog_1  
0000d8d8  __mspabi_fltud          
0000d8de  __TI_ISR_TRAP           
0000d8e4  __TI_decompress_rle24   
0000d8ea  _system_pre_init        
0000d8ee  C$$EXIT                 
0000d8ee  abort                   
0000d91c  __TI_Handler_Table_Base 
0000d922  __TI_Handler_Table_Limit
0000d926  __TI_CINIT_Base         
0000d92e  __TI_CINIT_Limit        
0000ffe0  __TI_int00              
0000ffe4  __TI_int02              
0000ffe6  __TI_int03              
0000ffea  __TI_int05              
0000ffec  __TI_int06              
0000ffee  __TI_int07              
0000fff0  __TI_int08              
0000fff2  __TI_int09              
0000fff4  __TI_int10              
0000fff6  __TI_int11              
0000fff8  __TI_int12              
0000fffa  __TI_int13              
0000fffc  __TI_int14              
0000fffe  _reset_vector           
ffffffff  __binit__               
ffffffff  __c_args__              
ffffffff  binit                   
UNDEFED   __TI_INITARRAY_Base     
UNDEFED   __TI_INITARRAY_Limit    

[274 symbols]
