<?xml version="1.0"?>
<link_info>
   <banner>MSP430 Linker PC v4.4.3</banner>
   <copyright>Copyright (c) 2003-2015 Texas Instruments Incorporated</copyright>
   <link_time>0x55516285</link_time>
   <link_errors>0x0</link_errors>
   <output_file>Blink.out</output_file>
   <entry_point>
      <name>_c_int00_noargs_noexit</name>
      <address>0xd832</address>
   </entry_point>
   <input_file_list>
      <input_file id="fl-2">
         <path>.\</path>
         <kind>object</kind>
         <file>main_1.obj</file>
         <name>main_1.obj</name>
      </input_file>
      <input_file id="fl-31">
         <path>C:\ti\ccsv6\tools\compiler\ti-cgt-msp430_4.4.3\lib\</path>
         <kind>archive</kind>
         <file>rts430_eabi.lib</file>
         <name>asr16.obj</name>
      </input_file>
      <input_file id="fl-32">
         <path>C:\ti\ccsv6\tools\compiler\ti-cgt-msp430_4.4.3\lib\</path>
         <kind>archive</kind>
         <file>rts430_eabi.lib</file>
         <name>boot.obj</name>
      </input_file>
      <input_file id="fl-33">
         <path>C:\ti\ccsv6\tools\compiler\ti-cgt-msp430_4.4.3\lib\</path>
         <kind>archive</kind>
         <file>rts430_eabi.lib</file>
         <name>boot_special.obj</name>
      </input_file>
      <input_file id="fl-34">
         <path>C:\ti\ccsv6\tools\compiler\ti-cgt-msp430_4.4.3\lib\</path>
         <kind>archive</kind>
         <file>rts430_eabi.lib</file>
         <name>copy_decompress_none.obj</name>
      </input_file>
      <input_file id="fl-35">
         <path>C:\ti\ccsv6\tools\compiler\ti-cgt-msp430_4.4.3\lib\</path>
         <kind>archive</kind>
         <file>rts430_eabi.lib</file>
         <name>copy_decompress_rle.obj</name>
      </input_file>
      <input_file id="fl-36">
         <path>C:\ti\ccsv6\tools\compiler\ti-cgt-msp430_4.4.3\lib\</path>
         <kind>archive</kind>
         <file>rts430_eabi.lib</file>
         <name>copy_zero_init.obj</name>
      </input_file>
      <input_file id="fl-37">
         <path>C:\ti\ccsv6\tools\compiler\ti-cgt-msp430_4.4.3\lib\</path>
         <kind>archive</kind>
         <file>rts430_eabi.lib</file>
         <name>cvtdf.obj</name>
      </input_file>
      <input_file id="fl-38">
         <path>C:\ti\ccsv6\tools\compiler\ti-cgt-msp430_4.4.3\lib\</path>
         <kind>archive</kind>
         <file>rts430_eabi.lib</file>
         <name>cvtfd.obj</name>
      </input_file>
      <input_file id="fl-39">
         <path>C:\ti\ccsv6\tools\compiler\ti-cgt-msp430_4.4.3\lib\</path>
         <kind>archive</kind>
         <file>rts430_eabi.lib</file>
         <name>epilog.obj</name>
      </input_file>
      <input_file id="fl-3a">
         <path>C:\ti\ccsv6\tools\compiler\ti-cgt-msp430_4.4.3\lib\</path>
         <kind>archive</kind>
         <file>rts430_eabi.lib</file>
         <name>exit.obj</name>
      </input_file>
      <input_file id="fl-3b">
         <path>C:\ti\ccsv6\tools\compiler\ti-cgt-msp430_4.4.3\lib\</path>
         <kind>archive</kind>
         <file>rts430_eabi.lib</file>
         <name>fixdu.obj</name>
      </input_file>
      <input_file id="fl-3c">
         <path>C:\ti\ccsv6\tools\compiler\ti-cgt-msp430_4.4.3\lib\</path>
         <kind>archive</kind>
         <file>rts430_eabi.lib</file>
         <name>fixdul.obj</name>
      </input_file>
      <input_file id="fl-3d">
         <path>C:\ti\ccsv6\tools\compiler\ti-cgt-msp430_4.4.3\lib\</path>
         <kind>archive</kind>
         <file>rts430_eabi.lib</file>
         <name>fltud.obj</name>
      </input_file>
      <input_file id="fl-3e">
         <path>C:\ti\ccsv6\tools\compiler\ti-cgt-msp430_4.4.3\lib\</path>
         <kind>archive</kind>
         <file>rts430_eabi.lib</file>
         <name>fltuld.obj</name>
      </input_file>
      <input_file id="fl-3f">
         <path>C:\ti\ccsv6\tools\compiler\ti-cgt-msp430_4.4.3\lib\</path>
         <kind>archive</kind>
         <file>rts430_eabi.lib</file>
         <name>fs_add.obj</name>
      </input_file>
      <input_file id="fl-40">
         <path>C:\ti\ccsv6\tools\compiler\ti-cgt-msp430_4.4.3\lib\</path>
         <kind>archive</kind>
         <file>rts430_eabi.lib</file>
         <name>fs_cmp.obj</name>
      </input_file>
      <input_file id="fl-41">
         <path>C:\ti\ccsv6\tools\compiler\ti-cgt-msp430_4.4.3\lib\</path>
         <kind>archive</kind>
         <file>rts430_eabi.lib</file>
         <name>fs_div.obj</name>
      </input_file>
      <input_file id="fl-42">
         <path>C:\ti\ccsv6\tools\compiler\ti-cgt-msp430_4.4.3\lib\</path>
         <kind>archive</kind>
         <file>rts430_eabi.lib</file>
         <name>fs_mpy.obj</name>
      </input_file>
      <input_file id="fl-43">
         <path>C:\ti\ccsv6\tools\compiler\ti-cgt-msp430_4.4.3\lib\</path>
         <kind>archive</kind>
         <file>rts430_eabi.lib</file>
         <name>fs_tou.obj</name>
      </input_file>
      <input_file id="fl-44">
         <path>C:\ti\ccsv6\tools\compiler\ti-cgt-msp430_4.4.3\lib\</path>
         <kind>archive</kind>
         <file>rts430_eabi.lib</file>
         <name>int00.obj</name>
      </input_file>
      <input_file id="fl-45">
         <path>C:\ti\ccsv6\tools\compiler\ti-cgt-msp430_4.4.3\lib\</path>
         <kind>archive</kind>
         <file>rts430_eabi.lib</file>
         <name>int02.obj</name>
      </input_file>
      <input_file id="fl-46">
         <path>C:\ti\ccsv6\tools\compiler\ti-cgt-msp430_4.4.3\lib\</path>
         <kind>archive</kind>
         <file>rts430_eabi.lib</file>
         <name>int03.obj</name>
      </input_file>
      <input_file id="fl-47">
         <path>C:\ti\ccsv6\tools\compiler\ti-cgt-msp430_4.4.3\lib\</path>
         <kind>archive</kind>
         <file>rts430_eabi.lib</file>
         <name>int05.obj</name>
      </input_file>
      <input_file id="fl-48">
         <path>C:\ti\ccsv6\tools\compiler\ti-cgt-msp430_4.4.3\lib\</path>
         <kind>archive</kind>
         <file>rts430_eabi.lib</file>
         <name>int06.obj</name>
      </input_file>
      <input_file id="fl-49">
         <path>C:\ti\ccsv6\tools\compiler\ti-cgt-msp430_4.4.3\lib\</path>
         <kind>archive</kind>
         <file>rts430_eabi.lib</file>
         <name>int08.obj</name>
      </input_file>
      <input_file id="fl-4a">
         <path>C:\ti\ccsv6\tools\compiler\ti-cgt-msp430_4.4.3\lib\</path>
         <kind>archive</kind>
         <file>rts430_eabi.lib</file>
         <name>int09.obj</name>
      </input_file>
      <input_file id="fl-4b">
         <path>C:\ti\ccsv6\tools\compiler\ti-cgt-msp430_4.4.3\lib\</path>
         <kind>archive</kind>
         <file>rts430_eabi.lib</file>
         <name>int10.obj</name>
      </input_file>
      <input_file id="fl-4c">
         <path>C:\ti\ccsv6\tools\compiler\ti-cgt-msp430_4.4.3\lib\</path>
         <kind>archive</kind>
         <file>rts430_eabi.lib</file>
         <name>int11.obj</name>
      </input_file>
      <input_file id="fl-4d">
         <path>C:\ti\ccsv6\tools\compiler\ti-cgt-msp430_4.4.3\lib\</path>
         <kind>archive</kind>
         <file>rts430_eabi.lib</file>
         <name>int12.obj</name>
      </input_file>
      <input_file id="fl-4e">
         <path>C:\ti\ccsv6\tools\compiler\ti-cgt-msp430_4.4.3\lib\</path>
         <kind>archive</kind>
         <file>rts430_eabi.lib</file>
         <name>int13.obj</name>
      </input_file>
      <input_file id="fl-4f">
         <path>C:\ti\ccsv6\tools\compiler\ti-cgt-msp430_4.4.3\lib\</path>
         <kind>archive</kind>
         <file>rts430_eabi.lib</file>
         <name>int14.obj</name>
      </input_file>
      <input_file id="fl-50">
         <path>C:\ti\ccsv6\tools\compiler\ti-cgt-msp430_4.4.3\lib\</path>
         <kind>archive</kind>
         <file>rts430_eabi.lib</file>
         <name>isr_trap.obj</name>
      </input_file>
      <input_file id="fl-51">
         <path>C:\ti\ccsv6\tools\compiler\ti-cgt-msp430_4.4.3\lib\</path>
         <kind>archive</kind>
         <file>rts430_eabi.lib</file>
         <name>lsl16.obj</name>
      </input_file>
      <input_file id="fl-52">
         <path>C:\ti\ccsv6\tools\compiler\ti-cgt-msp430_4.4.3\lib\</path>
         <kind>archive</kind>
         <file>rts430_eabi.lib</file>
         <name>lsl32.obj</name>
      </input_file>
      <input_file id="fl-53">
         <path>C:\ti\ccsv6\tools\compiler\ti-cgt-msp430_4.4.3\lib\</path>
         <kind>archive</kind>
         <file>rts430_eabi.lib</file>
         <name>lsr16.obj</name>
      </input_file>
      <input_file id="fl-54">
         <path>C:\ti\ccsv6\tools\compiler\ti-cgt-msp430_4.4.3\lib\</path>
         <kind>archive</kind>
         <file>rts430_eabi.lib</file>
         <name>lsr32.obj</name>
      </input_file>
      <input_file id="fl-55">
         <path>C:\ti\ccsv6\tools\compiler\ti-cgt-msp430_4.4.3\lib\</path>
         <kind>archive</kind>
         <file>rts430_eabi.lib</file>
         <name>memcpy.obj</name>
      </input_file>
      <input_file id="fl-56">
         <path>C:\ti\ccsv6\tools\compiler\ti-cgt-msp430_4.4.3\lib\</path>
         <kind>archive</kind>
         <file>rts430_eabi.lib</file>
         <name>mpu_init.obj</name>
      </input_file>
      <input_file id="fl-57">
         <path>C:\ti\ccsv6\tools\compiler\ti-cgt-msp430_4.4.3\lib\</path>
         <kind>archive</kind>
         <file>rts430_eabi.lib</file>
         <name>mpyd.obj</name>
      </input_file>
      <input_file id="fl-58">
         <path>C:\ti\ccsv6\tools\compiler\ti-cgt-msp430_4.4.3\lib\</path>
         <kind>archive</kind>
         <file>rts430_eabi.lib</file>
         <name>pre_init.obj</name>
      </input_file>
      <input_file id="fl-59">
         <path>C:\ti\ccsv6\tools\compiler\ti-cgt-msp430_4.4.3\lib\</path>
         <kind>archive</kind>
         <file>rts430_eabi.lib</file>
         <name>subd.obj</name>
      </input_file>
      <input_file id="fl-5a">
         <path>C:\ti\ccsv6\tools\compiler\ti-cgt-msp430_4.4.3\lib\</path>
         <kind>archive</kind>
         <file>rts430_eabi.lib</file>
         <name>_lock.obj</name>
      </input_file>
      <input_file id="fl-5b">
         <path>C:\ti\ccsv6\tools\compiler\ti-cgt-msp430_4.4.3\lib\</path>
         <kind>archive</kind>
         <file>rts430_eabi.lib</file>
         <name>addd.obj</name>
      </input_file>
      <input_file id="fl-5c">
         <path>C:\ti\ccsv6\tools\compiler\ti-cgt-msp430_4.4.3\lib\</path>
         <kind>archive</kind>
         <file>rts430_eabi.lib</file>
         <name>args_main.obj</name>
      </input_file>
      <input_file id="fl-5d">
         <path>C:\ti\ccsv6\tools\compiler\ti-cgt-msp430_4.4.3\lib\</path>
         <kind>archive</kind>
         <file>rts430_eabi.lib</file>
         <name>asr32.obj</name>
      </input_file>
      <input_file id="fl-5e">
         <path>C:\ti\ccsv6\tools\compiler\ti-cgt-msp430_4.4.3\lib\</path>
         <kind>archive</kind>
         <file>rts430_eabi.lib</file>
         <name>autoinit.obj</name>
      </input_file>
      <input_file id="fl-5f">
         <path>C:\ti\ccsv6\tools\compiler\ti-cgt-msp430_4.4.3\lib\</path>
         <kind>archive</kind>
         <file>rts430_eabi.lib</file>
         <name>frcaddd.obj</name>
      </input_file>
      <input_file id="fl-60">
         <path>C:\ti\ccsv6\tools\compiler\ti-cgt-msp430_4.4.3\lib\</path>
         <kind>archive</kind>
         <file>rts430_eabi.lib</file>
         <name>frcmpyd.obj</name>
      </input_file>
      <input_file id="fl-61">
         <path>C:\ti\ccsv6\tools\compiler\ti-cgt-msp430_4.4.3\lib\</path>
         <kind>archive</kind>
         <file>rts430_eabi.lib</file>
         <name>mult32.obj</name>
      </input_file>
      <input_file id="fl-62">
         <path>C:\ti\ccsv6\tools\compiler\ti-cgt-msp430_4.4.3\lib\</path>
         <kind>archive</kind>
         <file>rts430_eabi.lib</file>
         <name>renormd.obj</name>
      </input_file>
   </input_file_list>
   <object_component_list>
      <object_component id="oc-10e">
         <name>.common:id_Motor</name>
         <uninitialized>true</uninitialized>
         <run_address>0x23e</run_address>
         <size>0x2</size>
      </object_component>
      <object_component id="oc-161">
         <name>.common:PWM1</name>
         <uninitialized>true</uninitialized>
         <run_address>0x226</run_address>
         <size>0x4</size>
      </object_component>
      <object_component id="oc-15b">
         <name>.common:dato1</name>
         <uninitialized>true</uninitialized>
         <run_address>0x232</run_address>
         <size>0x4</size>
      </object_component>
      <object_component id="oc-173">
         <name>.common:PWM2</name>
         <uninitialized>true</uninitialized>
         <run_address>0x22a</run_address>
         <size>0x4</size>
      </object_component>
      <object_component id="oc-172">
         <name>.common:dato2</name>
         <uninitialized>true</uninitialized>
         <run_address>0x236</run_address>
         <size>0x4</size>
      </object_component>
      <object_component id="oc-175">
         <name>.common:PWM3</name>
         <uninitialized>true</uninitialized>
         <run_address>0x22e</run_address>
         <size>0x4</size>
      </object_component>
      <object_component id="oc-174">
         <name>.common:dato3</name>
         <uninitialized>true</uninitialized>
         <run_address>0x23a</run_address>
         <size>0x4</size>
      </object_component>
      <object_component id="oc-8c">
         <name>.stack</name>
         <uninitialized>true</uninitialized>
         <run_address>0x3b0</run_address>
         <size>0x2</size>
         <input_file_ref idref="fl-32"/>
      </object_component>
      <object_component id="oc-26c">
         <name>.stack</name>
         <uninitialized>true</uninitialized>
         <run_address>0x3b0</run_address>
         <size>0x0</size>
      </object_component>
      <object_component id="oc-dc">
         <name>.text:main</name>
         <load_address>0xc000</load_address>
         <run_address>0xc000</run_address>
         <size>0x4d4</size>
         <input_file_ref idref="fl-2"/>
      </object_component>
      <object_component id="oc-1b5">
         <name>.text:__TI_frcmpyd</name>
         <load_address>0xc4d4</load_address>
         <run_address>0xc4d4</run_address>
         <size>0x2f4</size>
         <input_file_ref idref="fl-60"/>
      </object_component>
      <object_component id="oc-1dd">
         <name>.text:__mspabi_addd</name>
         <load_address>0xc7c8</load_address>
         <run_address>0xc7c8</run_address>
         <size>0x2e8</size>
         <input_file_ref idref="fl-5b"/>
      </object_component>
      <object_component id="oc-143">
         <name>.text:__mspabi_mpyd</name>
         <load_address>0xcab0</load_address>
         <run_address>0xcab0</run_address>
         <size>0x26e</size>
         <input_file_ref idref="fl-57"/>
      </object_component>
      <object_component id="oc-209">
         <name>.text:__TI_frcaddd</name>
         <load_address>0xcd1e</load_address>
         <run_address>0xcd1e</run_address>
         <size>0x260</size>
         <input_file_ref idref="fl-5f"/>
      </object_component>
      <object_component id="oc-16d">
         <name>.text</name>
         <load_address>0xcf7e</load_address>
         <run_address>0xcf7e</run_address>
         <size>0x130</size>
         <input_file_ref idref="fl-3f"/>
      </object_component>
      <object_component id="oc-135">
         <name>.text</name>
         <load_address>0xd0ae</load_address>
         <run_address>0xd0ae</run_address>
         <size>0xc2</size>
         <input_file_ref idref="fl-42"/>
      </object_component>
      <object_component id="oc-222">
         <name>.text:__TI_renormd</name>
         <load_address>0xd170</load_address>
         <run_address>0xd170</run_address>
         <size>0xbe</size>
         <input_file_ref idref="fl-62"/>
      </object_component>
      <object_component id="oc-15c">
         <name>.text</name>
         <load_address>0xd22e</load_address>
         <run_address>0xd22e</run_address>
         <size>0x9a</size>
         <input_file_ref idref="fl-41"/>
      </object_component>
      <object_component id="oc-155">
         <name>.text:__mspabi_cvtdf</name>
         <load_address>0xd2c8</load_address>
         <run_address>0xd2c8</run_address>
         <size>0x8c</size>
         <input_file_ref idref="fl-37"/>
      </object_component>
      <object_component id="oc-1c9">
         <name>.text:__mspabi_fltuld</name>
         <load_address>0xd354</load_address>
         <run_address>0xd354</run_address>
         <size>0x80</size>
         <input_file_ref idref="fl-3e"/>
      </object_component>
      <object_component id="oc-1c2">
         <name>.text:__mspabi_fixdul</name>
         <load_address>0xd3d4</load_address>
         <run_address>0xd3d4</run_address>
         <size>0x74</size>
         <input_file_ref idref="fl-3c"/>
      </object_component>
      <object_component id="oc-13d">
         <name>.text:__mspabi_cvtfd</name>
         <load_address>0xd448</load_address>
         <run_address>0xd448</run_address>
         <size>0x68</size>
         <input_file_ref idref="fl-38"/>
      </object_component>
      <object_component id="oc-af">
         <name>.text:USCI0RX_ISR</name>
         <load_address>0xd4b0</load_address>
         <run_address>0xd4b0</run_address>
         <size>0x66</size>
         <input_file_ref idref="fl-2"/>
      </object_component>
      <object_component id="oc-9d">
         <name>.text:__TI_decompress_rle_core</name>
         <load_address>0xd516</load_address>
         <run_address>0xd516</run_address>
         <size>0x64</size>
         <input_file_ref idref="fl-35"/>
      </object_component>
      <object_component id="oc-1ef">
         <name>.text:l_lsr_const</name>
         <load_address>0xd57a</load_address>
         <run_address>0xd57a</run_address>
         <size>0x5c</size>
         <input_file_ref idref="fl-54"/>
      </object_component>
      <object_component id="oc-c2">
         <name>.text:_auto_init</name>
         <load_address>0xd5d6</load_address>
         <run_address>0xd5d6</run_address>
         <size>0x58</size>
         <input_file_ref idref="fl-5e"/>
      </object_component>
      <object_component id="oc-1d5">
         <name>.text</name>
         <load_address>0xd62e</load_address>
         <run_address>0xd62e</run_address>
         <size>0x4c</size>
         <input_file_ref idref="fl-53"/>
      </object_component>
      <object_component id="oc-168">
         <name>.text</name>
         <load_address>0xd67a</load_address>
         <run_address>0xd67a</run_address>
         <size>0x4a</size>
         <input_file_ref idref="fl-40"/>
      </object_component>
      <object_component id="oc-130">
         <name>.text</name>
         <load_address>0xd6c4</load_address>
         <run_address>0xd6c4</run_address>
         <size>0x46</size>
         <input_file_ref idref="fl-43"/>
      </object_component>
      <object_component id="oc-1a9">
         <name>.text:l_asr_const</name>
         <load_address>0xd70a</load_address>
         <run_address>0xd70a</run_address>
         <size>0x3e</size>
         <input_file_ref idref="fl-5d"/>
      </object_component>
      <object_component id="oc-1d0">
         <name>.text:l_lsl_const</name>
         <load_address>0xd748</load_address>
         <run_address>0xd748</run_address>
         <size>0x3e</size>
         <input_file_ref idref="fl-52"/>
      </object_component>
      <object_component id="oc-162">
         <name>.text:__mspabi_subd</name>
         <load_address>0xd786</load_address>
         <run_address>0xd786</run_address>
         <size>0x2e</size>
         <input_file_ref idref="fl-59"/>
      </object_component>
      <object_component id="oc-111">
         <name>.text</name>
         <load_address>0xd7b4</load_address>
         <run_address>0xd7b4</run_address>
         <size>0x2c</size>
         <input_file_ref idref="fl-31"/>
      </object_component>
      <object_component id="oc-1a4">
         <name>.text</name>
         <load_address>0xd7e0</load_address>
         <run_address>0xd7e0</run_address>
         <size>0x2c</size>
         <input_file_ref idref="fl-51"/>
      </object_component>
      <object_component id="oc-1f4">
         <name>.text</name>
         <load_address>0xd80c</load_address>
         <run_address>0xd80c</run_address>
         <size>0x26</size>
         <input_file_ref idref="fl-61"/>
      </object_component>
      <object_component id="oc-68">
         <name>.text:_c_int00_noargs_noexit</name>
         <load_address>0xd832</load_address>
         <run_address>0xd832</run_address>
         <size>0x1a</size>
         <input_file_ref idref="fl-33"/>
      </object_component>
      <object_component id="oc-4a">
         <name>.text:decompress:ZI:__TI_zero_init</name>
         <load_address>0xd84c</load_address>
         <run_address>0xd84c</run_address>
         <size>0x14</size>
         <input_file_ref idref="fl-36"/>
      </object_component>
      <object_component id="oc-149">
         <name>.text:__mspabi_fixdu</name>
         <load_address>0xd860</load_address>
         <run_address>0xd860</run_address>
         <size>0x12</size>
         <input_file_ref idref="fl-3b"/>
      </object_component>
      <object_component id="oc-31">
         <name>.text:decompress:none:__TI_decompress_none</name>
         <load_address>0xd872</load_address>
         <run_address>0xd872</run_address>
         <size>0x12</size>
         <input_file_ref idref="fl-34"/>
      </object_component>
      <object_component id="oc-1fd">
         <name>.text:l_lsr</name>
         <load_address>0xd884</load_address>
         <run_address>0xd884</run_address>
         <size>0x12</size>
         <input_file_ref idref="fl-54"/>
      </object_component>
      <object_component id="oc-90">
         <name>.text:memcpy</name>
         <load_address>0xd896</load_address>
         <run_address>0xd896</run_address>
         <size>0x12</size>
         <input_file_ref idref="fl-55"/>
      </object_component>
      <object_component id="oc-21d">
         <name>.text:l_asr</name>
         <load_address>0xd8a8</load_address>
         <run_address>0xd8a8</run_address>
         <size>0x10</size>
         <input_file_ref idref="fl-5d"/>
      </object_component>
      <object_component id="oc-218">
         <name>.text:l_lsl</name>
         <load_address>0xd8b8</load_address>
         <run_address>0xd8b8</run_address>
         <size>0x10</size>
         <input_file_ref idref="fl-52"/>
      </object_component>
      <object_component id="oc-105">
         <name>.text</name>
         <load_address>0xd8c8</load_address>
         <run_address>0xd8c8</run_address>
         <size>0x10</size>
         <input_file_ref idref="fl-39"/>
      </object_component>
      <object_component id="oc-14f">
         <name>.text:__mspabi_fltud</name>
         <load_address>0xd8d8</load_address>
         <run_address>0xd8d8</run_address>
         <size>0x6</size>
         <input_file_ref idref="fl-3d"/>
      </object_component>
      <object_component id="oc-aa">
         <name>.text:_isr:__TI_ISR_TRAP</name>
         <load_address>0xd8de</load_address>
         <run_address>0xd8de</run_address>
         <size>0x6</size>
         <input_file_ref idref="fl-50"/>
      </object_component>
      <object_component id="oc-37">
         <name>.text:decompress:rle24:__TI_decompress_rle24</name>
         <load_address>0xd8e4</load_address>
         <run_address>0xd8e4</run_address>
         <size>0x6</size>
         <input_file_ref idref="fl-35"/>
      </object_component>
      <object_component id="oc-bc">
         <name>.text:_system_pre_init</name>
         <load_address>0xd8ea</load_address>
         <run_address>0xd8ea</run_address>
         <size>0x4</size>
         <input_file_ref idref="fl-58"/>
      </object_component>
      <object_component id="oc-e4">
         <name>.text:abort</name>
         <load_address>0xd8ee</load_address>
         <run_address>0xd8ee</run_address>
         <size>0x4</size>
         <input_file_ref idref="fl-3a"/>
      </object_component>
      <object_component id="oc-26b">
         <name>.cinit..data.load</name>
         <load_address>0xd8f2</load_address>
         <run_address>0xd8f2</run_address>
         <size>0x29</size>
      </object_component>
      <object_component id="oc-268">
         <name>__TI_handler_table</name>
         <load_address>0xd91c</load_address>
         <run_address>0xd91c</run_address>
         <size>0x6</size>
      </object_component>
      <object_component id="oc-26a">
         <name>.cinit..bss.load</name>
         <load_address>0xd922</load_address>
         <run_address>0xd922</run_address>
         <size>0x4</size>
      </object_component>
      <object_component id="oc-269">
         <name>__TI_cinit_table</name>
         <load_address>0xd926</load_address>
         <run_address>0xd926</run_address>
         <size>0x8</size>
      </object_component>
      <object_component id="oc-3d">
         <name>.int00</name>
         <load_address>0xffe0</load_address>
         <run_address>0xffe0</run_address>
         <size>0x2</size>
         <input_file_ref idref="fl-44"/>
      </object_component>
      <object_component id="oc-3e">
         <name>.int02</name>
         <load_address>0xffe4</load_address>
         <run_address>0xffe4</run_address>
         <size>0x2</size>
         <input_file_ref idref="fl-45"/>
      </object_component>
      <object_component id="oc-3f">
         <name>.int03</name>
         <load_address>0xffe6</load_address>
         <run_address>0xffe6</run_address>
         <size>0x2</size>
         <input_file_ref idref="fl-46"/>
      </object_component>
      <object_component id="oc-40">
         <name>.int05</name>
         <load_address>0xffea</load_address>
         <run_address>0xffea</run_address>
         <size>0x2</size>
         <input_file_ref idref="fl-47"/>
      </object_component>
      <object_component id="oc-41">
         <name>.int06</name>
         <load_address>0xffec</load_address>
         <run_address>0xffec</run_address>
         <size>0x2</size>
         <input_file_ref idref="fl-48"/>
      </object_component>
      <object_component id="oc-42">
         <name>.int07</name>
         <load_address>0xffee</load_address>
         <run_address>0xffee</run_address>
         <size>0x2</size>
         <input_file_ref idref="fl-2"/>
      </object_component>
      <object_component id="oc-43">
         <name>.int08</name>
         <load_address>0xfff0</load_address>
         <run_address>0xfff0</run_address>
         <size>0x2</size>
         <input_file_ref idref="fl-49"/>
      </object_component>
      <object_component id="oc-44">
         <name>.int09</name>
         <load_address>0xfff2</load_address>
         <run_address>0xfff2</run_address>
         <size>0x2</size>
         <input_file_ref idref="fl-4a"/>
      </object_component>
      <object_component id="oc-45">
         <name>.int10</name>
         <load_address>0xfff4</load_address>
         <run_address>0xfff4</run_address>
         <size>0x2</size>
         <input_file_ref idref="fl-4b"/>
      </object_component>
      <object_component id="oc-46">
         <name>.int11</name>
         <load_address>0xfff6</load_address>
         <run_address>0xfff6</run_address>
         <size>0x2</size>
         <input_file_ref idref="fl-4c"/>
      </object_component>
      <object_component id="oc-47">
         <name>.int12</name>
         <load_address>0xfff8</load_address>
         <run_address>0xfff8</run_address>
         <size>0x2</size>
         <input_file_ref idref="fl-4d"/>
      </object_component>
      <object_component id="oc-48">
         <name>.int13</name>
         <load_address>0xfffa</load_address>
         <run_address>0xfffa</run_address>
         <size>0x2</size>
         <input_file_ref idref="fl-4e"/>
      </object_component>
      <object_component id="oc-49">
         <name>.int14</name>
         <load_address>0xfffc</load_address>
         <run_address>0xfffc</run_address>
         <size>0x2</size>
         <input_file_ref idref="fl-4f"/>
      </object_component>
      <object_component id="oc-8f">
         <name>.reset</name>
         <load_address>0xfffe</load_address>
         <run_address>0xfffe</run_address>
         <size>0x2</size>
         <input_file_ref idref="fl-32"/>
      </object_component>
      <object_component id="oc-116">
         <name>.data</name>
         <load_address>0x200</load_address>
         <run_address>0x200</run_address>
         <size>0x18</size>
         <input_file_ref idref="fl-2"/>
      </object_component>
      <object_component id="oc-13a">
         <name>.data:ADC</name>
         <load_address>0x218</load_address>
         <run_address>0x218</run_address>
         <size>0xe</size>
         <input_file_ref idref="fl-2"/>
      </object_component>
      <object_component id="oc-10f">
         <name>.debug_info</name>
         <load_address>0x0</load_address>
         <run_address>0x0</run_address>
         <size>0x628</size>
         <input_file_ref idref="fl-2"/>
      </object_component>
      <object_component id="oc-117">
         <name>.debug_info</name>
         <load_address>0x628</load_address>
         <run_address>0x628</run_address>
         <size>0x1aa</size>
         <input_file_ref idref="fl-2"/>
      </object_component>
      <object_component id="oc-13b">
         <name>.debug_info</name>
         <load_address>0x7d2</load_address>
         <run_address>0x7d2</run_address>
         <size>0xbe</size>
         <input_file_ref idref="fl-2"/>
      </object_component>
      <object_component id="oc-dd">
         <name>.debug_info</name>
         <load_address>0x890</load_address>
         <run_address>0x890</run_address>
         <size>0x577</size>
         <input_file_ref idref="fl-2"/>
      </object_component>
      <object_component id="oc-b0">
         <name>.debug_info</name>
         <load_address>0xe07</load_address>
         <run_address>0xe07</run_address>
         <size>0x113</size>
         <input_file_ref idref="fl-2"/>
      </object_component>
      <object_component id="oc-f2">
         <name>.debug_info</name>
         <load_address>0xf1a</load_address>
         <run_address>0xf1a</run_address>
         <size>0x84</size>
         <input_file_ref idref="fl-2"/>
      </object_component>
      <object_component id="oc-113">
         <name>.debug_info</name>
         <load_address>0xf9e</load_address>
         <run_address>0xf9e</run_address>
         <size>0xff</size>
         <input_file_ref idref="fl-31"/>
      </object_component>
      <object_component id="oc-8d">
         <name>.debug_info</name>
         <load_address>0x109d</load_address>
         <run_address>0x109d</run_address>
         <size>0xd8</size>
         <input_file_ref idref="fl-32"/>
      </object_component>
      <object_component id="oc-69">
         <name>.debug_info</name>
         <load_address>0x1175</load_address>
         <run_address>0x1175</run_address>
         <size>0x179</size>
         <input_file_ref idref="fl-33"/>
      </object_component>
      <object_component id="oc-9c">
         <name>.debug_info</name>
         <load_address>0x12ee</load_address>
         <run_address>0x12ee</run_address>
         <size>0x195</size>
         <input_file_ref idref="fl-34"/>
      </object_component>
      <object_component id="oc-32">
         <name>.debug_info</name>
         <load_address>0x1483</load_address>
         <run_address>0x1483</run_address>
         <size>0x1c2</size>
         <input_file_ref idref="fl-34"/>
      </object_component>
      <object_component id="oc-97">
         <name>.debug_info</name>
         <load_address>0x1645</load_address>
         <run_address>0x1645</run_address>
         <size>0x46</size>
         <input_file_ref idref="fl-34"/>
      </object_component>
      <object_component id="oc-fe">
         <name>.debug_info</name>
         <load_address>0x168b</load_address>
         <run_address>0x168b</run_address>
         <size>0x2c</size>
         <input_file_ref idref="fl-34"/>
      </object_component>
      <object_component id="oc-a4">
         <name>.debug_info</name>
         <load_address>0x16b7</load_address>
         <run_address>0x16b7</run_address>
         <size>0x157</size>
         <input_file_ref idref="fl-35"/>
      </object_component>
      <object_component id="oc-9e">
         <name>.debug_info</name>
         <load_address>0x180e</load_address>
         <run_address>0x180e</run_address>
         <size>0x21d</size>
         <input_file_ref idref="fl-35"/>
      </object_component>
      <object_component id="oc-38">
         <name>.debug_info</name>
         <load_address>0x1a2b</load_address>
         <run_address>0x1a2b</run_address>
         <size>0x194</size>
         <input_file_ref idref="fl-35"/>
      </object_component>
      <object_component id="oc-a5">
         <name>.debug_info</name>
         <load_address>0x1bbf</load_address>
         <run_address>0x1bbf</run_address>
         <size>0x39</size>
         <input_file_ref idref="fl-35"/>
      </object_component>
      <object_component id="oc-bb">
         <name>.debug_info</name>
         <load_address>0x1bf8</load_address>
         <run_address>0x1bf8</run_address>
         <size>0x14d</size>
         <input_file_ref idref="fl-36"/>
      </object_component>
      <object_component id="oc-4b">
         <name>.debug_info</name>
         <load_address>0x1d45</load_address>
         <run_address>0x1d45</run_address>
         <size>0x198</size>
         <input_file_ref idref="fl-36"/>
      </object_component>
      <object_component id="oc-b6">
         <name>.debug_info</name>
         <load_address>0x1edd</load_address>
         <run_address>0x1edd</run_address>
         <size>0x46</size>
         <input_file_ref idref="fl-36"/>
      </object_component>
      <object_component id="oc-f9">
         <name>.debug_info</name>
         <load_address>0x1f23</load_address>
         <run_address>0x1f23</run_address>
         <size>0x2c</size>
         <input_file_ref idref="fl-36"/>
      </object_component>
      <object_component id="oc-1db">
         <name>.debug_info</name>
         <load_address>0x1f4f</load_address>
         <run_address>0x1f4f</run_address>
         <size>0x1b8</size>
         <input_file_ref idref="fl-37"/>
      </object_component>
      <object_component id="oc-156">
         <name>.debug_info</name>
         <load_address>0x2107</load_address>
         <run_address>0x2107</run_address>
         <size>0x1b0</size>
         <input_file_ref idref="fl-37"/>
      </object_component>
      <object_component id="oc-1b0">
         <name>.debug_info</name>
         <load_address>0x22b7</load_address>
         <run_address>0x22b7</run_address>
         <size>0xdb</size>
         <input_file_ref idref="fl-37"/>
      </object_component>
      <object_component id="oc-1af">
         <name>.debug_info</name>
         <load_address>0x2392</load_address>
         <run_address>0x2392</run_address>
         <size>0x1db</size>
         <input_file_ref idref="fl-38"/>
      </object_component>
      <object_component id="oc-13e">
         <name>.debug_info</name>
         <load_address>0x256d</load_address>
         <run_address>0x256d</run_address>
         <size>0x1a7</size>
         <input_file_ref idref="fl-38"/>
      </object_component>
      <object_component id="oc-107">
         <name>.debug_info</name>
         <load_address>0x2714</load_address>
         <run_address>0x2714</run_address>
         <size>0x10d</size>
         <input_file_ref idref="fl-39"/>
      </object_component>
      <object_component id="oc-e7">
         <name>.debug_info</name>
         <load_address>0x2821</load_address>
         <run_address>0x2821</run_address>
         <size>0xfa</size>
         <input_file_ref idref="fl-3a"/>
      </object_component>
      <object_component id="oc-14a">
         <name>.debug_info</name>
         <load_address>0x291b</load_address>
         <run_address>0x291b</run_address>
         <size>0x143</size>
         <input_file_ref idref="fl-3b"/>
      </object_component>
      <object_component id="oc-1c3">
         <name>.debug_info</name>
         <load_address>0x2a5e</load_address>
         <run_address>0x2a5e</run_address>
         <size>0x198</size>
         <input_file_ref idref="fl-3c"/>
      </object_component>
      <object_component id="oc-1bd">
         <name>.debug_info</name>
         <load_address>0x2bf6</load_address>
         <run_address>0x2bf6</run_address>
         <size>0x94</size>
         <input_file_ref idref="fl-3c"/>
      </object_component>
      <object_component id="oc-152">
         <name>.debug_info</name>
         <load_address>0x2c8a</load_address>
         <run_address>0x2c8a</run_address>
         <size>0x13e</size>
         <input_file_ref idref="fl-3d"/>
      </object_component>
      <object_component id="oc-204">
         <name>.debug_info</name>
         <load_address>0x2dc8</load_address>
         <run_address>0x2dc8</run_address>
         <size>0x1be</size>
         <input_file_ref idref="fl-3e"/>
      </object_component>
      <object_component id="oc-1ca">
         <name>.debug_info</name>
         <load_address>0x2f86</load_address>
         <run_address>0x2f86</run_address>
         <size>0x1bb</size>
         <input_file_ref idref="fl-3e"/>
      </object_component>
      <object_component id="oc-16e">
         <name>.debug_info</name>
         <load_address>0x3141</load_address>
         <run_address>0x3141</run_address>
         <size>0x100</size>
         <input_file_ref idref="fl-3f"/>
      </object_component>
      <object_component id="oc-169">
         <name>.debug_info</name>
         <load_address>0x3241</load_address>
         <run_address>0x3241</run_address>
         <size>0x10c</size>
         <input_file_ref idref="fl-40"/>
      </object_component>
      <object_component id="oc-15f">
         <name>.debug_info</name>
         <load_address>0x334d</load_address>
         <run_address>0x334d</run_address>
         <size>0x100</size>
         <input_file_ref idref="fl-41"/>
      </object_component>
      <object_component id="oc-138">
         <name>.debug_info</name>
         <load_address>0x344d</load_address>
         <run_address>0x344d</run_address>
         <size>0x100</size>
         <input_file_ref idref="fl-42"/>
      </object_component>
      <object_component id="oc-131">
         <name>.debug_info</name>
         <load_address>0x354d</load_address>
         <run_address>0x354d</run_address>
         <size>0x10e</size>
         <input_file_ref idref="fl-43"/>
      </object_component>
      <object_component id="oc-ab">
         <name>.debug_info</name>
         <load_address>0x365b</load_address>
         <run_address>0x365b</run_address>
         <size>0xee</size>
         <input_file_ref idref="fl-50"/>
      </object_component>
      <object_component id="oc-1a5">
         <name>.debug_info</name>
         <load_address>0x3749</load_address>
         <run_address>0x3749</run_address>
         <size>0xff</size>
         <input_file_ref idref="fl-51"/>
      </object_component>
      <object_component id="oc-219">
         <name>.debug_info</name>
         <load_address>0x3848</load_address>
         <run_address>0x3848</run_address>
         <size>0xff</size>
         <input_file_ref idref="fl-52"/>
      </object_component>
      <object_component id="oc-1d1">
         <name>.debug_info</name>
         <load_address>0x3947</load_address>
         <run_address>0x3947</run_address>
         <size>0x105</size>
         <input_file_ref idref="fl-52"/>
      </object_component>
      <object_component id="oc-1d6">
         <name>.debug_info</name>
         <load_address>0x3a4c</load_address>
         <run_address>0x3a4c</run_address>
         <size>0xff</size>
         <input_file_ref idref="fl-53"/>
      </object_component>
      <object_component id="oc-1fe">
         <name>.debug_info</name>
         <load_address>0x3b4b</load_address>
         <run_address>0x3b4b</run_address>
         <size>0xff</size>
         <input_file_ref idref="fl-54"/>
      </object_component>
      <object_component id="oc-1f0">
         <name>.debug_info</name>
         <load_address>0x3c4a</load_address>
         <run_address>0x3c4a</run_address>
         <size>0x105</size>
         <input_file_ref idref="fl-54"/>
      </object_component>
      <object_component id="oc-f8">
         <name>.debug_info</name>
         <load_address>0x3d4f</load_address>
         <run_address>0x3d4f</run_address>
         <size>0x150</size>
         <input_file_ref idref="fl-55"/>
      </object_component>
      <object_component id="oc-91">
         <name>.debug_info</name>
         <load_address>0x3e9f</load_address>
         <run_address>0x3e9f</run_address>
         <size>0x174</size>
         <input_file_ref idref="fl-55"/>
      </object_component>
      <object_component id="oc-1bc">
         <name>.debug_info</name>
         <load_address>0x4013</load_address>
         <run_address>0x4013</run_address>
         <size>0x1f5</size>
         <input_file_ref idref="fl-57"/>
      </object_component>
      <object_component id="oc-144">
         <name>.debug_info</name>
         <load_address>0x4208</load_address>
         <run_address>0x4208</run_address>
         <size>0x2ae</size>
         <input_file_ref idref="fl-57"/>
      </object_component>
      <object_component id="oc-bd">
         <name>.debug_info</name>
         <load_address>0x44b6</load_address>
         <run_address>0x44b6</run_address>
         <size>0x12b</size>
         <input_file_ref idref="fl-58"/>
      </object_component>
      <object_component id="oc-163">
         <name>.debug_info</name>
         <load_address>0x45e1</load_address>
         <run_address>0x45e1</run_address>
         <size>0x165</size>
         <input_file_ref idref="fl-59"/>
      </object_component>
      <object_component id="oc-210">
         <name>.debug_info</name>
         <load_address>0x4746</load_address>
         <run_address>0x4746</run_address>
         <size>0x1fa</size>
         <input_file_ref idref="fl-5b"/>
      </object_component>
      <object_component id="oc-1df">
         <name>.debug_info</name>
         <load_address>0x4940</load_address>
         <run_address>0x4940</run_address>
         <size>0x236</size>
         <input_file_ref idref="fl-5b"/>
      </object_component>
      <object_component id="oc-21e">
         <name>.debug_info</name>
         <load_address>0x4b76</load_address>
         <run_address>0x4b76</run_address>
         <size>0xff</size>
         <input_file_ref idref="fl-5d"/>
      </object_component>
      <object_component id="oc-1aa">
         <name>.debug_info</name>
         <load_address>0x4c75</load_address>
         <run_address>0x4c75</run_address>
         <size>0x105</size>
         <input_file_ref idref="fl-5d"/>
      </object_component>
      <object_component id="oc-11e">
         <name>.debug_info</name>
         <load_address>0x4d7a</load_address>
         <run_address>0x4d7a</run_address>
         <size>0x2cc</size>
         <input_file_ref idref="fl-5e"/>
      </object_component>
      <object_component id="oc-c3">
         <name>.debug_info</name>
         <load_address>0x5046</load_address>
         <run_address>0x5046</run_address>
         <size>0x17e</size>
         <input_file_ref idref="fl-5e"/>
      </object_component>
      <object_component id="oc-182">
         <name>.debug_info</name>
         <load_address>0x51c4</load_address>
         <run_address>0x51c4</run_address>
         <size>0x39</size>
         <input_file_ref idref="fl-5e"/>
      </object_component>
      <object_component id="oc-229">
         <name>.debug_info</name>
         <load_address>0x51fd</load_address>
         <run_address>0x51fd</run_address>
         <size>0x1f3</size>
         <input_file_ref idref="fl-5f"/>
      </object_component>
      <object_component id="oc-20a">
         <name>.debug_info</name>
         <load_address>0x53f0</load_address>
         <run_address>0x53f0</run_address>
         <size>0x301</size>
         <input_file_ref idref="fl-5f"/>
      </object_component>
      <object_component id="oc-1fa">
         <name>.debug_info</name>
         <load_address>0x56f1</load_address>
         <run_address>0x56f1</run_address>
         <size>0x1e1</size>
         <input_file_ref idref="fl-60"/>
      </object_component>
      <object_component id="oc-1b7">
         <name>.debug_info</name>
         <load_address>0x58d2</load_address>
         <run_address>0x58d2</run_address>
         <size>0x3af</size>
         <input_file_ref idref="fl-60"/>
      </object_component>
      <object_component id="oc-1f7">
         <name>.debug_info</name>
         <load_address>0x5c81</load_address>
         <run_address>0x5c81</run_address>
         <size>0x100</size>
         <input_file_ref idref="fl-61"/>
      </object_component>
      <object_component id="oc-22f">
         <name>.debug_info</name>
         <load_address>0x5d81</load_address>
         <run_address>0x5d81</run_address>
         <size>0x1c5</size>
         <input_file_ref idref="fl-62"/>
      </object_component>
      <object_component id="oc-225">
         <name>.debug_info</name>
         <load_address>0x5f46</load_address>
         <run_address>0x5f46</run_address>
         <size>0x1d1</size>
         <input_file_ref idref="fl-62"/>
      </object_component>
      <object_component id="oc-26d">
         <name>.debug_info</name>
         <load_address>0x6117</load_address>
         <run_address>0x6117</run_address>
         <size>0x9c</size>
      </object_component>
      <object_component id="oc-17c">
         <name>.debug_line</name>
         <load_address>0x0</load_address>
         <run_address>0x0</run_address>
         <size>0xab</size>
         <input_file_ref idref="fl-2"/>
      </object_component>
      <object_component id="oc-17f">
         <name>.debug_line</name>
         <load_address>0xab</load_address>
         <run_address>0xab</run_address>
         <size>0x2f</size>
         <input_file_ref idref="fl-2"/>
      </object_component>
      <object_component id="oc-1a3">
         <name>.debug_line</name>
         <load_address>0xda</load_address>
         <run_address>0xda</run_address>
         <size>0x2f</size>
         <input_file_ref idref="fl-2"/>
      </object_component>
      <object_component id="oc-e0">
         <name>.debug_line</name>
         <load_address>0x109</load_address>
         <run_address>0x109</run_address>
         <size>0xba</size>
         <input_file_ref idref="fl-2"/>
      </object_component>
      <object_component id="oc-b3">
         <name>.debug_line</name>
         <load_address>0x1c3</load_address>
         <run_address>0x1c3</run_address>
         <size>0x61</size>
         <input_file_ref idref="fl-2"/>
      </object_component>
      <object_component id="oc-f5">
         <name>.debug_line</name>
         <load_address>0x224</load_address>
         <run_address>0x224</run_address>
         <size>0x20</size>
         <input_file_ref idref="fl-2"/>
      </object_component>
      <object_component id="oc-112">
         <name>.debug_line</name>
         <load_address>0x244</load_address>
         <run_address>0x244</run_address>
         <size>0x4e</size>
         <input_file_ref idref="fl-31"/>
      </object_component>
      <object_component id="oc-f1">
         <name>.debug_line</name>
         <load_address>0x292</load_address>
         <run_address>0x292</run_address>
         <size>0x2a</size>
         <input_file_ref idref="fl-32"/>
      </object_component>
      <object_component id="oc-6c">
         <name>.debug_line</name>
         <load_address>0x2bc</load_address>
         <run_address>0x2bc</run_address>
         <size>0x4c</size>
         <input_file_ref idref="fl-33"/>
      </object_component>
      <object_component id="oc-104">
         <name>.debug_line</name>
         <load_address>0x308</load_address>
         <run_address>0x308</run_address>
         <size>0x72</size>
         <input_file_ref idref="fl-34"/>
      </object_component>
      <object_component id="oc-35">
         <name>.debug_line</name>
         <load_address>0x37a</load_address>
         <run_address>0x37a</run_address>
         <size>0x50</size>
         <input_file_ref idref="fl-34"/>
      </object_component>
      <object_component id="oc-9a">
         <name>.debug_line</name>
         <load_address>0x3ca</load_address>
         <run_address>0x3ca</run_address>
         <size>0x3a</size>
         <input_file_ref idref="fl-34"/>
      </object_component>
      <object_component id="oc-101">
         <name>.debug_line</name>
         <load_address>0x404</load_address>
         <run_address>0x404</run_address>
         <size>0x72</size>
         <input_file_ref idref="fl-34"/>
      </object_component>
      <object_component id="oc-10c">
         <name>.debug_line</name>
         <load_address>0x476</load_address>
         <run_address>0x476</run_address>
         <size>0x20</size>
         <input_file_ref idref="fl-35"/>
      </object_component>
      <object_component id="oc-a1">
         <name>.debug_line</name>
         <load_address>0x496</load_address>
         <run_address>0x496</run_address>
         <size>0x87</size>
         <input_file_ref idref="fl-35"/>
      </object_component>
      <object_component id="oc-3b">
         <name>.debug_line</name>
         <load_address>0x51d</load_address>
         <run_address>0x51d</run_address>
         <size>0x49</size>
         <input_file_ref idref="fl-35"/>
      </object_component>
      <object_component id="oc-a8">
         <name>.debug_line</name>
         <load_address>0x566</load_address>
         <run_address>0x566</run_address>
         <size>0x39</size>
         <input_file_ref idref="fl-35"/>
      </object_component>
      <object_component id="oc-11b">
         <name>.debug_line</name>
         <load_address>0x59f</load_address>
         <run_address>0x59f</run_address>
         <size>0x20</size>
         <input_file_ref idref="fl-36"/>
      </object_component>
      <object_component id="oc-4e">
         <name>.debug_line</name>
         <load_address>0x5bf</load_address>
         <run_address>0x5bf</run_address>
         <size>0x4d</size>
         <input_file_ref idref="fl-36"/>
      </object_component>
      <object_component id="oc-b9">
         <name>.debug_line</name>
         <load_address>0x60c</load_address>
         <run_address>0x60c</run_address>
         <size>0x34</size>
         <input_file_ref idref="fl-36"/>
      </object_component>
      <object_component id="oc-fc">
         <name>.debug_line</name>
         <load_address>0x640</load_address>
         <run_address>0x640</run_address>
         <size>0x72</size>
         <input_file_ref idref="fl-36"/>
      </object_component>
      <object_component id="oc-208">
         <name>.debug_line</name>
         <load_address>0x6b2</load_address>
         <run_address>0x6b2</run_address>
         <size>0x20</size>
         <input_file_ref idref="fl-37"/>
      </object_component>
      <object_component id="oc-159">
         <name>.debug_line</name>
         <load_address>0x6d2</load_address>
         <run_address>0x6d2</run_address>
         <size>0x6c</size>
         <input_file_ref idref="fl-37"/>
      </object_component>
      <object_component id="oc-1b3">
         <name>.debug_line</name>
         <load_address>0x73e</load_address>
         <run_address>0x73e</run_address>
         <size>0x2e</size>
         <input_file_ref idref="fl-37"/>
      </object_component>
      <object_component id="oc-1ee">
         <name>.debug_line</name>
         <load_address>0x76c</load_address>
         <run_address>0x76c</run_address>
         <size>0x20</size>
         <input_file_ref idref="fl-38"/>
      </object_component>
      <object_component id="oc-141">
         <name>.debug_line</name>
         <load_address>0x78c</load_address>
         <run_address>0x78c</run_address>
         <size>0x55</size>
         <input_file_ref idref="fl-38"/>
      </object_component>
      <object_component id="oc-109">
         <name>.debug_line</name>
         <load_address>0x7e1</load_address>
         <run_address>0x7e1</run_address>
         <size>0x40</size>
         <input_file_ref idref="fl-39"/>
      </object_component>
      <object_component id="oc-e6">
         <name>.debug_line</name>
         <load_address>0x821</load_address>
         <run_address>0x821</run_address>
         <size>0x3a</size>
         <input_file_ref idref="fl-3a"/>
      </object_component>
      <object_component id="oc-14d">
         <name>.debug_line</name>
         <load_address>0x85b</load_address>
         <run_address>0x85b</run_address>
         <size>0x3d</size>
         <input_file_ref idref="fl-3b"/>
      </object_component>
      <object_component id="oc-1c6">
         <name>.debug_line</name>
         <load_address>0x898</load_address>
         <run_address>0x898</run_address>
         <size>0x5a</size>
         <input_file_ref idref="fl-3c"/>
      </object_component>
      <object_component id="oc-1c0">
         <name>.debug_line</name>
         <load_address>0x8f2</load_address>
         <run_address>0x8f2</run_address>
         <size>0x2e</size>
         <input_file_ref idref="fl-3c"/>
      </object_component>
      <object_component id="oc-154">
         <name>.debug_line</name>
         <load_address>0x920</load_address>
         <run_address>0x920</run_address>
         <size>0x3d</size>
         <input_file_ref idref="fl-3d"/>
      </object_component>
      <object_component id="oc-217">
         <name>.debug_line</name>
         <load_address>0x95d</load_address>
         <run_address>0x95d</run_address>
         <size>0x20</size>
         <input_file_ref idref="fl-3e"/>
      </object_component>
      <object_component id="oc-1cd">
         <name>.debug_line</name>
         <load_address>0x97d</load_address>
         <run_address>0x97d</run_address>
         <size>0x72</size>
         <input_file_ref idref="fl-3e"/>
      </object_component>
      <object_component id="oc-171">
         <name>.debug_line</name>
         <load_address>0x9ef</load_address>
         <run_address>0x9ef</run_address>
         <size>0xba</size>
         <input_file_ref idref="fl-3f"/>
      </object_component>
      <object_component id="oc-16c">
         <name>.debug_line</name>
         <load_address>0xaa9</load_address>
         <run_address>0xaa9</run_address>
         <size>0x5e</size>
         <input_file_ref idref="fl-40"/>
      </object_component>
      <object_component id="oc-15e">
         <name>.debug_line</name>
         <load_address>0xb07</load_address>
         <run_address>0xb07</run_address>
         <size>0x82</size>
         <input_file_ref idref="fl-41"/>
      </object_component>
      <object_component id="oc-137">
         <name>.debug_line</name>
         <load_address>0xb89</load_address>
         <run_address>0xb89</run_address>
         <size>0x93</size>
         <input_file_ref idref="fl-42"/>
      </object_component>
      <object_component id="oc-134">
         <name>.debug_line</name>
         <load_address>0xc1c</load_address>
         <run_address>0xc1c</run_address>
         <size>0x5a</size>
         <input_file_ref idref="fl-43"/>
      </object_component>
      <object_component id="oc-ae">
         <name>.debug_line</name>
         <load_address>0xc76</load_address>
         <run_address>0xc76</run_address>
         <size>0x3c</size>
         <input_file_ref idref="fl-50"/>
      </object_component>
      <object_component id="oc-1a8">
         <name>.debug_line</name>
         <load_address>0xcb2</load_address>
         <run_address>0xcb2</run_address>
         <size>0x4e</size>
         <input_file_ref idref="fl-51"/>
      </object_component>
      <object_component id="oc-21c">
         <name>.debug_line</name>
         <load_address>0xd00</load_address>
         <run_address>0xd00</run_address>
         <size>0x3e</size>
         <input_file_ref idref="fl-52"/>
      </object_component>
      <object_component id="oc-1d4">
         <name>.debug_line</name>
         <load_address>0xd3e</load_address>
         <run_address>0xd3e</run_address>
         <size>0x56</size>
         <input_file_ref idref="fl-52"/>
      </object_component>
      <object_component id="oc-1d9">
         <name>.debug_line</name>
         <load_address>0xd94</load_address>
         <run_address>0xd94</run_address>
         <size>0x5e</size>
         <input_file_ref idref="fl-53"/>
      </object_component>
      <object_component id="oc-201">
         <name>.debug_line</name>
         <load_address>0xdf2</load_address>
         <run_address>0xdf2</run_address>
         <size>0x42</size>
         <input_file_ref idref="fl-54"/>
      </object_component>
      <object_component id="oc-1f3">
         <name>.debug_line</name>
         <load_address>0xe34</load_address>
         <run_address>0xe34</run_address>
         <size>0x65</size>
         <input_file_ref idref="fl-54"/>
      </object_component>
      <object_component id="oc-179">
         <name>.debug_line</name>
         <load_address>0xe99</load_address>
         <run_address>0xe99</run_address>
         <size>0x20</size>
         <input_file_ref idref="fl-55"/>
      </object_component>
      <object_component id="oc-94">
         <name>.debug_line</name>
         <load_address>0xeb9</load_address>
         <run_address>0xeb9</run_address>
         <size>0x45</size>
         <input_file_ref idref="fl-55"/>
      </object_component>
      <object_component id="oc-1fc">
         <name>.debug_line</name>
         <load_address>0xefe</load_address>
         <run_address>0xefe</run_address>
         <size>0x2d</size>
         <input_file_ref idref="fl-57"/>
      </object_component>
      <object_component id="oc-147">
         <name>.debug_line</name>
         <load_address>0xf2b</load_address>
         <run_address>0xf2b</run_address>
         <size>0x103</size>
         <input_file_ref idref="fl-57"/>
      </object_component>
      <object_component id="oc-c1">
         <name>.debug_line</name>
         <load_address>0x102e</load_address>
         <run_address>0x102e</run_address>
         <size>0x3e</size>
         <input_file_ref idref="fl-58"/>
      </object_component>
      <object_component id="oc-166">
         <name>.debug_line</name>
         <load_address>0x106c</load_address>
         <run_address>0x106c</run_address>
         <size>0x4b</size>
         <input_file_ref idref="fl-59"/>
      </object_component>
      <object_component id="oc-22b">
         <name>.debug_line</name>
         <load_address>0x10b7</load_address>
         <run_address>0x10b7</run_address>
         <size>0x2d</size>
         <input_file_ref idref="fl-5b"/>
      </object_component>
      <object_component id="oc-1e1">
         <name>.debug_line</name>
         <load_address>0x10e4</load_address>
         <run_address>0x10e4</run_address>
         <size>0xcb</size>
         <input_file_ref idref="fl-5b"/>
      </object_component>
      <object_component id="oc-221">
         <name>.debug_line</name>
         <load_address>0x11af</load_address>
         <run_address>0x11af</run_address>
         <size>0x3e</size>
         <input_file_ref idref="fl-5d"/>
      </object_component>
      <object_component id="oc-1ad">
         <name>.debug_line</name>
         <load_address>0x11ed</load_address>
         <run_address>0x11ed</run_address>
         <size>0x56</size>
         <input_file_ref idref="fl-5d"/>
      </object_component>
      <object_component id="oc-181">
         <name>.debug_line</name>
         <load_address>0x1243</load_address>
         <run_address>0x1243</run_address>
         <size>0x2e</size>
         <input_file_ref idref="fl-5e"/>
      </object_component>
      <object_component id="oc-c6">
         <name>.debug_line</name>
         <load_address>0x1271</load_address>
         <run_address>0x1271</run_address>
         <size>0x7b</size>
         <input_file_ref idref="fl-5e"/>
      </object_component>
      <object_component id="oc-185">
         <name>.debug_line</name>
         <load_address>0x12ec</load_address>
         <run_address>0x12ec</run_address>
         <size>0x2e</size>
         <input_file_ref idref="fl-5e"/>
      </object_component>
      <object_component id="oc-231">
         <name>.debug_line</name>
         <load_address>0x131a</load_address>
         <run_address>0x131a</run_address>
         <size>0x2d</size>
         <input_file_ref idref="fl-5f"/>
      </object_component>
      <object_component id="oc-20d">
         <name>.debug_line</name>
         <load_address>0x1347</load_address>
         <run_address>0x1347</run_address>
         <size>0xfa</size>
         <input_file_ref idref="fl-5f"/>
      </object_component>
      <object_component id="oc-214">
         <name>.debug_line</name>
         <load_address>0x1441</load_address>
         <run_address>0x1441</run_address>
         <size>0x20</size>
         <input_file_ref idref="fl-60"/>
      </object_component>
      <object_component id="oc-1ba">
         <name>.debug_line</name>
         <load_address>0x1461</load_address>
         <run_address>0x1461</run_address>
         <size>0xa8</size>
         <input_file_ref idref="fl-60"/>
      </object_component>
      <object_component id="oc-1f6">
         <name>.debug_line</name>
         <load_address>0x1509</load_address>
         <run_address>0x1509</run_address>
         <size>0x4b</size>
         <input_file_ref idref="fl-61"/>
      </object_component>
      <object_component id="oc-233">
         <name>.debug_line</name>
         <load_address>0x1554</load_address>
         <run_address>0x1554</run_address>
         <size>0x20</size>
         <input_file_ref idref="fl-62"/>
      </object_component>
      <object_component id="oc-224">
         <name>.debug_line</name>
         <load_address>0x1574</load_address>
         <run_address>0x1574</run_address>
         <size>0x82</size>
         <input_file_ref idref="fl-62"/>
      </object_component>
      <object_component id="oc-e1">
         <name>.debug_frame</name>
         <load_address>0x0</load_address>
         <run_address>0x0</run_address>
         <size>0x6c</size>
         <input_file_ref idref="fl-2"/>
      </object_component>
      <object_component id="oc-b4">
         <name>.debug_frame</name>
         <load_address>0x6c</load_address>
         <run_address>0x6c</run_address>
         <size>0x74</size>
         <input_file_ref idref="fl-2"/>
      </object_component>
      <object_component id="oc-6d">
         <name>.debug_frame</name>
         <load_address>0xe0</load_address>
         <run_address>0xe0</run_address>
         <size>0x42</size>
         <input_file_ref idref="fl-33"/>
      </object_component>
      <object_component id="oc-36">
         <name>.debug_frame</name>
         <load_address>0x122</load_address>
         <run_address>0x122</run_address>
         <size>0x47</size>
         <input_file_ref idref="fl-34"/>
      </object_component>
      <object_component id="oc-a2">
         <name>.debug_frame</name>
         <load_address>0x169</load_address>
         <run_address>0x169</run_address>
         <size>0x51</size>
         <input_file_ref idref="fl-35"/>
      </object_component>
      <object_component id="oc-3c">
         <name>.debug_frame</name>
         <load_address>0x1ba</load_address>
         <run_address>0x1ba</run_address>
         <size>0x47</size>
         <input_file_ref idref="fl-35"/>
      </object_component>
      <object_component id="oc-4f">
         <name>.debug_frame</name>
         <load_address>0x201</load_address>
         <run_address>0x201</run_address>
         <size>0x47</size>
         <input_file_ref idref="fl-36"/>
      </object_component>
      <object_component id="oc-15a">
         <name>.debug_frame</name>
         <load_address>0x248</load_address>
         <run_address>0x248</run_address>
         <size>0x52</size>
         <input_file_ref idref="fl-37"/>
      </object_component>
      <object_component id="oc-142">
         <name>.debug_frame</name>
         <load_address>0x29a</load_address>
         <run_address>0x29a</run_address>
         <size>0x56</size>
         <input_file_ref idref="fl-38"/>
      </object_component>
      <object_component id="oc-e5">
         <name>.debug_frame</name>
         <load_address>0x2f0</load_address>
         <run_address>0x2f0</run_address>
         <size>0x47</size>
         <input_file_ref idref="fl-3a"/>
      </object_component>
      <object_component id="oc-14e">
         <name>.debug_frame</name>
         <load_address>0x337</load_address>
         <run_address>0x337</run_address>
         <size>0x47</size>
         <input_file_ref idref="fl-3b"/>
      </object_component>
      <object_component id="oc-1c7">
         <name>.debug_frame</name>
         <load_address>0x37e</load_address>
         <run_address>0x37e</run_address>
         <size>0x50</size>
         <input_file_ref idref="fl-3c"/>
      </object_component>
      <object_component id="oc-151">
         <name>.debug_frame</name>
         <load_address>0x3ce</load_address>
         <run_address>0x3ce</run_address>
         <size>0x47</size>
         <input_file_ref idref="fl-3d"/>
      </object_component>
      <object_component id="oc-1ce">
         <name>.debug_frame</name>
         <load_address>0x415</load_address>
         <run_address>0x415</run_address>
         <size>0x51</size>
         <input_file_ref idref="fl-3e"/>
      </object_component>
      <object_component id="oc-95">
         <name>.debug_frame</name>
         <load_address>0x466</load_address>
         <run_address>0x466</run_address>
         <size>0x47</size>
         <input_file_ref idref="fl-55"/>
      </object_component>
      <object_component id="oc-148">
         <name>.debug_frame</name>
         <load_address>0x4ad</load_address>
         <run_address>0x4ad</run_address>
         <size>0x86</size>
         <input_file_ref idref="fl-57"/>
      </object_component>
      <object_component id="oc-c0">
         <name>.debug_frame</name>
         <load_address>0x533</load_address>
         <run_address>0x533</run_address>
         <size>0x47</size>
         <input_file_ref idref="fl-58"/>
      </object_component>
      <object_component id="oc-167">
         <name>.debug_frame</name>
         <load_address>0x57a</load_address>
         <run_address>0x57a</run_address>
         <size>0x4d</size>
         <input_file_ref idref="fl-59"/>
      </object_component>
      <object_component id="oc-1e2">
         <name>.debug_frame</name>
         <load_address>0x5c7</load_address>
         <run_address>0x5c7</run_address>
         <size>0x73</size>
         <input_file_ref idref="fl-5b"/>
      </object_component>
      <object_component id="oc-c7">
         <name>.debug_frame</name>
         <load_address>0x63a</load_address>
         <run_address>0x63a</run_address>
         <size>0x51</size>
         <input_file_ref idref="fl-5e"/>
      </object_component>
      <object_component id="oc-20e">
         <name>.debug_frame</name>
         <load_address>0x68b</load_address>
         <run_address>0x68b</run_address>
         <size>0x72</size>
         <input_file_ref idref="fl-5f"/>
      </object_component>
      <object_component id="oc-1b6">
         <name>.debug_frame</name>
         <load_address>0x6fd</load_address>
         <run_address>0x6fd</run_address>
         <size>0x98</size>
         <input_file_ref idref="fl-60"/>
      </object_component>
      <object_component id="oc-223">
         <name>.debug_frame</name>
         <load_address>0x795</load_address>
         <run_address>0x795</run_address>
         <size>0x65</size>
         <input_file_ref idref="fl-62"/>
      </object_component>
      <object_component id="oc-17b">
         <name>.debug_abbrev</name>
         <load_address>0x0</load_address>
         <run_address>0x0</run_address>
         <size>0xa3</size>
         <input_file_ref idref="fl-2"/>
      </object_component>
      <object_component id="oc-17e">
         <name>.debug_abbrev</name>
         <load_address>0xa3</load_address>
         <run_address>0xa3</run_address>
         <size>0x29</size>
         <input_file_ref idref="fl-2"/>
      </object_component>
      <object_component id="oc-1a2">
         <name>.debug_abbrev</name>
         <load_address>0xcc</load_address>
         <run_address>0xcc</run_address>
         <size>0x29</size>
         <input_file_ref idref="fl-2"/>
      </object_component>
      <object_component id="oc-176">
         <name>.debug_abbrev</name>
         <load_address>0xf5</load_address>
         <run_address>0xf5</run_address>
         <size>0x52</size>
         <input_file_ref idref="fl-2"/>
      </object_component>
      <object_component id="oc-119">
         <name>.debug_abbrev</name>
         <load_address>0x147</load_address>
         <run_address>0x147</run_address>
         <size>0x61</size>
         <input_file_ref idref="fl-2"/>
      </object_component>
      <object_component id="oc-f4">
         <name>.debug_abbrev</name>
         <load_address>0x1a8</load_address>
         <run_address>0x1a8</run_address>
         <size>0x1f</size>
         <input_file_ref idref="fl-2"/>
      </object_component>
      <object_component id="oc-17d">
         <name>.debug_abbrev</name>
         <load_address>0x1c7</load_address>
         <run_address>0x1c7</run_address>
         <size>0x3c</size>
         <input_file_ref idref="fl-31"/>
      </object_component>
      <object_component id="oc-f0">
         <name>.debug_abbrev</name>
         <load_address>0x203</load_address>
         <run_address>0x203</run_address>
         <size>0x29</size>
         <input_file_ref idref="fl-32"/>
      </object_component>
      <object_component id="oc-ea">
         <name>.debug_abbrev</name>
         <load_address>0x22c</load_address>
         <run_address>0x22c</run_address>
         <size>0x58</size>
         <input_file_ref idref="fl-33"/>
      </object_component>
      <object_component id="oc-103">
         <name>.debug_abbrev</name>
         <load_address>0x284</load_address>
         <run_address>0x284</run_address>
         <size>0x5d</size>
         <input_file_ref idref="fl-34"/>
      </object_component>
      <object_component id="oc-96">
         <name>.debug_abbrev</name>
         <load_address>0x2e1</load_address>
         <run_address>0x2e1</run_address>
         <size>0x74</size>
         <input_file_ref idref="fl-34"/>
      </object_component>
      <object_component id="oc-99">
         <name>.debug_abbrev</name>
         <load_address>0x355</load_address>
         <run_address>0x355</run_address>
         <size>0x24</size>
         <input_file_ref idref="fl-34"/>
      </object_component>
      <object_component id="oc-100">
         <name>.debug_abbrev</name>
         <load_address>0x379</load_address>
         <run_address>0x379</run_address>
         <size>0x24</size>
         <input_file_ref idref="fl-34"/>
      </object_component>
      <object_component id="oc-10b">
         <name>.debug_abbrev</name>
         <load_address>0x39d</load_address>
         <run_address>0x39d</run_address>
         <size>0x37</size>
         <input_file_ref idref="fl-35"/>
      </object_component>
      <object_component id="oc-10a">
         <name>.debug_abbrev</name>
         <load_address>0x3d4</load_address>
         <run_address>0x3d4</run_address>
         <size>0x6d</size>
         <input_file_ref idref="fl-35"/>
      </object_component>
      <object_component id="oc-a3">
         <name>.debug_abbrev</name>
         <load_address>0x441</load_address>
         <run_address>0x441</run_address>
         <size>0x66</size>
         <input_file_ref idref="fl-35"/>
      </object_component>
      <object_component id="oc-a7">
         <name>.debug_abbrev</name>
         <load_address>0x4a7</load_address>
         <run_address>0x4a7</run_address>
         <size>0x24</size>
         <input_file_ref idref="fl-35"/>
      </object_component>
      <object_component id="oc-11a">
         <name>.debug_abbrev</name>
         <load_address>0x4cb</load_address>
         <run_address>0x4cb</run_address>
         <size>0x37</size>
         <input_file_ref idref="fl-36"/>
      </object_component>
      <object_component id="oc-b5">
         <name>.debug_abbrev</name>
         <load_address>0x502</load_address>
         <run_address>0x502</run_address>
         <size>0x6f</size>
         <input_file_ref idref="fl-36"/>
      </object_component>
      <object_component id="oc-b8">
         <name>.debug_abbrev</name>
         <load_address>0x571</load_address>
         <run_address>0x571</run_address>
         <size>0x24</size>
         <input_file_ref idref="fl-36"/>
      </object_component>
      <object_component id="oc-fb">
         <name>.debug_abbrev</name>
         <load_address>0x595</load_address>
         <run_address>0x595</run_address>
         <size>0x24</size>
         <input_file_ref idref="fl-36"/>
      </object_component>
      <object_component id="oc-207">
         <name>.debug_abbrev</name>
         <load_address>0x5b9</load_address>
         <run_address>0x5b9</run_address>
         <size>0x4e</size>
         <input_file_ref idref="fl-37"/>
      </object_component>
      <object_component id="oc-1da">
         <name>.debug_abbrev</name>
         <load_address>0x607</load_address>
         <run_address>0x607</run_address>
         <size>0x7f</size>
         <input_file_ref idref="fl-37"/>
      </object_component>
      <object_component id="oc-1b2">
         <name>.debug_abbrev</name>
         <load_address>0x686</load_address>
         <run_address>0x686</run_address>
         <size>0xa8</size>
         <input_file_ref idref="fl-37"/>
      </object_component>
      <object_component id="oc-1ed">
         <name>.debug_abbrev</name>
         <load_address>0x72e</load_address>
         <run_address>0x72e</run_address>
         <size>0x60</size>
         <input_file_ref idref="fl-38"/>
      </object_component>
      <object_component id="oc-1ae">
         <name>.debug_abbrev</name>
         <load_address>0x78e</load_address>
         <run_address>0x78e</run_address>
         <size>0x7f</size>
         <input_file_ref idref="fl-38"/>
      </object_component>
      <object_component id="oc-17a">
         <name>.debug_abbrev</name>
         <load_address>0x80d</load_address>
         <run_address>0x80d</run_address>
         <size>0x3a</size>
         <input_file_ref idref="fl-39"/>
      </object_component>
      <object_component id="oc-177">
         <name>.debug_abbrev</name>
         <load_address>0x847</load_address>
         <run_address>0x847</run_address>
         <size>0x45</size>
         <input_file_ref idref="fl-3a"/>
      </object_component>
      <object_component id="oc-1c8">
         <name>.debug_abbrev</name>
         <load_address>0x88c</load_address>
         <run_address>0x88c</run_address>
         <size>0x71</size>
         <input_file_ref idref="fl-3b"/>
      </object_component>
      <object_component id="oc-202">
         <name>.debug_abbrev</name>
         <load_address>0x8fd</load_address>
         <run_address>0x8fd</run_address>
         <size>0x7f</size>
         <input_file_ref idref="fl-3c"/>
      </object_component>
      <object_component id="oc-1bf">
         <name>.debug_abbrev</name>
         <load_address>0x97c</load_address>
         <run_address>0x97c</run_address>
         <size>0x70</size>
         <input_file_ref idref="fl-3c"/>
      </object_component>
      <object_component id="oc-1cf">
         <name>.debug_abbrev</name>
         <load_address>0x9ec</load_address>
         <run_address>0x9ec</run_address>
         <size>0x68</size>
         <input_file_ref idref="fl-3d"/>
      </object_component>
      <object_component id="oc-216">
         <name>.debug_abbrev</name>
         <load_address>0xa54</load_address>
         <run_address>0xa54</run_address>
         <size>0x4e</size>
         <input_file_ref idref="fl-3e"/>
      </object_component>
      <object_component id="oc-203">
         <name>.debug_abbrev</name>
         <load_address>0xaa2</load_address>
         <run_address>0xaa2</run_address>
         <size>0x7f</size>
         <input_file_ref idref="fl-3e"/>
      </object_component>
      <object_component id="oc-1e5">
         <name>.debug_abbrev</name>
         <load_address>0xb21</load_address>
         <run_address>0xb21</run_address>
         <size>0x3c</size>
         <input_file_ref idref="fl-3f"/>
      </object_component>
      <object_component id="oc-1e4">
         <name>.debug_abbrev</name>
         <load_address>0xb5d</load_address>
         <run_address>0xb5d</run_address>
         <size>0x3c</size>
         <input_file_ref idref="fl-40"/>
      </object_component>
      <object_component id="oc-1dc">
         <name>.debug_abbrev</name>
         <load_address>0xb99</load_address>
         <run_address>0xb99</run_address>
         <size>0x3c</size>
         <input_file_ref idref="fl-41"/>
      </object_component>
      <object_component id="oc-1a1">
         <name>.debug_abbrev</name>
         <load_address>0xbd5</load_address>
         <run_address>0xbd5</run_address>
         <size>0x3c</size>
         <input_file_ref idref="fl-42"/>
      </object_component>
      <object_component id="oc-1a0">
         <name>.debug_abbrev</name>
         <load_address>0xc11</load_address>
         <run_address>0xc11</run_address>
         <size>0x3c</size>
         <input_file_ref idref="fl-43"/>
      </object_component>
      <object_component id="oc-10d">
         <name>.debug_abbrev</name>
         <load_address>0xc4d</load_address>
         <run_address>0xc4d</run_address>
         <size>0x28</size>
         <input_file_ref idref="fl-50"/>
      </object_component>
      <object_component id="oc-1eb">
         <name>.debug_abbrev</name>
         <load_address>0xc75</load_address>
         <run_address>0xc75</run_address>
         <size>0x3c</size>
         <input_file_ref idref="fl-51"/>
      </object_component>
      <object_component id="oc-22c">
         <name>.debug_abbrev</name>
         <load_address>0xcb1</load_address>
         <run_address>0xcb1</run_address>
         <size>0x3c</size>
         <input_file_ref idref="fl-52"/>
      </object_component>
      <object_component id="oc-205">
         <name>.debug_abbrev</name>
         <load_address>0xced</load_address>
         <run_address>0xced</run_address>
         <size>0x3c</size>
         <input_file_ref idref="fl-52"/>
      </object_component>
      <object_component id="oc-206">
         <name>.debug_abbrev</name>
         <load_address>0xd29</load_address>
         <run_address>0xd29</run_address>
         <size>0x3c</size>
         <input_file_ref idref="fl-53"/>
      </object_component>
      <object_component id="oc-215">
         <name>.debug_abbrev</name>
         <load_address>0xd65</load_address>
         <run_address>0xd65</run_address>
         <size>0x3c</size>
         <input_file_ref idref="fl-54"/>
      </object_component>
      <object_component id="oc-211">
         <name>.debug_abbrev</name>
         <load_address>0xda1</load_address>
         <run_address>0xda1</run_address>
         <size>0x3c</size>
         <input_file_ref idref="fl-54"/>
      </object_component>
      <object_component id="oc-178">
         <name>.debug_abbrev</name>
         <load_address>0xddd</load_address>
         <run_address>0xddd</run_address>
         <size>0x3e</size>
[...]
         <value>0xd448</value>
         <object_component_ref idref="oc-13d"/>
      </symbol>
      <symbol id="sm-184">
         <name>__mspabi_func_epilog_2</name>
         <value>0xd8d2</value>
         <object_component_ref idref="oc-105"/>
      </symbol>
      <symbol id="sm-185">
         <name>__mspabi_func_epilog_3</name>
         <value>0xd8d0</value>
         <object_component_ref idref="oc-105"/>
      </symbol>
      <symbol id="sm-186">
         <name>__mspabi_func_epilog_1</name>
         <value>0xd8d4</value>
         <object_component_ref idref="oc-105"/>
      </symbol>
      <symbol id="sm-187">
         <name>__mspabi_func_epilog_6</name>
         <value>0xd8ca</value>
         <object_component_ref idref="oc-105"/>
      </symbol>
      <symbol id="sm-188">
         <name>__mspabi_func_epilog_7</name>
         <value>0xd8c8</value>
         <object_component_ref idref="oc-105"/>
      </symbol>
      <symbol id="sm-189">
         <name>__mspabi_func_epilog_4</name>
         <value>0xd8ce</value>
         <object_component_ref idref="oc-105"/>
      </symbol>
      <symbol id="sm-18a">
         <name>__mspabi_func_epilog_5</name>
         <value>0xd8cc</value>
         <object_component_ref idref="oc-105"/>
      </symbol>
      <symbol id="sm-195">
         <name>C$$EXIT</name>
         <value>0xd8ee</value>
         <object_component_ref idref="oc-e4"/>
      </symbol>
      <symbol id="sm-196">
         <name>abort</name>
         <value>0xd8ee</value>
         <object_component_ref idref="oc-e4"/>
      </symbol>
      <symbol id="sm-1a1">
         <name>__mspabi_fixdu</name>
         <value>0xd860</value>
         <object_component_ref idref="oc-149"/>
      </symbol>
      <symbol id="sm-1b6">
         <name>__mspabi_fixdul</name>
         <value>0xd3d4</value>
         <object_component_ref idref="oc-1c2"/>
      </symbol>
      <symbol id="sm-1bf">
         <name>__mspabi_fltud</name>
         <value>0xd8d8</value>
         <object_component_ref idref="oc-14f"/>
      </symbol>
      <symbol id="sm-1d4">
         <name>__mspabi_fltuld</name>
         <value>0xd354</value>
         <object_component_ref idref="oc-1c9"/>
      </symbol>
      <symbol id="sm-1f9">
         <name>__mspabi_subf</name>
         <value>0xcf7e</value>
         <object_component_ref idref="oc-16d"/>
      </symbol>
      <symbol id="sm-1fa">
         <name>__mspabi_addf</name>
         <value>0xcf84</value>
         <object_component_ref idref="oc-16d"/>
      </symbol>
      <symbol id="sm-20f">
         <name>__mspabi_cmpf</name>
         <value>0xd67a</value>
         <object_component_ref idref="oc-168"/>
      </symbol>
      <symbol id="sm-22f">
         <name>__mspabi_divf</name>
         <value>0xd22e</value>
         <object_component_ref idref="oc-15c"/>
      </symbol>
      <symbol id="sm-255">
         <name>__mspabi_mpyf</name>
         <value>0xd0ae</value>
         <object_component_ref idref="oc-135"/>
      </symbol>
      <symbol id="sm-26a">
         <name>__mspabi_fixfu</name>
         <value>0xd6c4</value>
         <object_component_ref idref="oc-130"/>
      </symbol>
      <symbol id="sm-26d">
         <name>__TI_int00</name>
         <value>0xffe0</value>
         <object_component_ref idref="oc-3d"/>
      </symbol>
      <symbol id="sm-270">
         <name>__TI_int02</name>
         <value>0xffe4</value>
         <object_component_ref idref="oc-3e"/>
      </symbol>
      <symbol id="sm-273">
         <name>__TI_int03</name>
         <value>0xffe6</value>
         <object_component_ref idref="oc-3f"/>
      </symbol>
      <symbol id="sm-276">
         <name>__TI_int05</name>
         <value>0xffea</value>
         <object_component_ref idref="oc-40"/>
      </symbol>
      <symbol id="sm-279">
         <name>__TI_int06</name>
         <value>0xffec</value>
         <object_component_ref idref="oc-41"/>
      </symbol>
      <symbol id="sm-27c">
         <name>__TI_int08</name>
         <value>0xfff0</value>
         <object_component_ref idref="oc-43"/>
      </symbol>
      <symbol id="sm-27f">
         <name>__TI_int09</name>
         <value>0xfff2</value>
         <object_component_ref idref="oc-44"/>
      </symbol>
      <symbol id="sm-282">
         <name>__TI_int10</name>
         <value>0xfff4</value>
         <object_component_ref idref="oc-45"/>
      </symbol>
      <symbol id="sm-285">
         <name>__TI_int11</name>
         <value>0xfff6</value>
         <object_component_ref idref="oc-46"/>
      </symbol>
      <symbol id="sm-288">
         <name>__TI_int12</name>
         <value>0xfff8</value>
         <object_component_ref idref="oc-47"/>
      </symbol>
      <symbol id="sm-28b">
         <name>__TI_int13</name>
         <value>0xfffa</value>
         <object_component_ref idref="oc-48"/>
      </symbol>
      <symbol id="sm-28e">
         <name>__TI_int14</name>
         <value>0xfffc</value>
         <object_component_ref idref="oc-49"/>
      </symbol>
      <symbol id="sm-296">
         <name>__TI_ISR_TRAP</name>
         <value>0xd8de</value>
         <object_component_ref idref="oc-aa"/>
      </symbol>
      <symbol id="sm-29e">
         <name>__mspabi_slli</name>
         <value>0xd7e0</value>
         <object_component_ref idref="oc-1a4"/>
      </symbol>
      <symbol id="sm-29f">
         <name>__mspabi_slli_9</name>
         <value>0xd7f8</value>
         <object_component_ref idref="oc-1a4"/>
      </symbol>
      <symbol id="sm-2a0">
         <name>__mspabi_slli_8</name>
         <value>0xd7fa</value>
         <object_component_ref idref="oc-1a4"/>
      </symbol>
      <symbol id="sm-2a1">
         <name>__mspabi_slli_7</name>
         <value>0xd7fc</value>
         <object_component_ref idref="oc-1a4"/>
      </symbol>
      <symbol id="sm-2a2">
         <name>__mspabi_slli_6</name>
         <value>0xd7fe</value>
         <object_component_ref idref="oc-1a4"/>
      </symbol>
      <symbol id="sm-2a3">
         <name>__mspabi_slli_5</name>
         <value>0xd800</value>
         <object_component_ref idref="oc-1a4"/>
      </symbol>
      <symbol id="sm-2a4">
         <name>__mspabi_slli_4</name>
         <value>0xd802</value>
         <object_component_ref idref="oc-1a4"/>
      </symbol>
      <symbol id="sm-2a5">
         <name>__mspabi_slli_3</name>
         <value>0xd804</value>
         <object_component_ref idref="oc-1a4"/>
      </symbol>
      <symbol id="sm-2a6">
         <name>__mspabi_slli_2</name>
         <value>0xd806</value>
         <object_component_ref idref="oc-1a4"/>
      </symbol>
      <symbol id="sm-2a7">
         <name>__mspabi_slli_1</name>
         <value>0xd808</value>
         <object_component_ref idref="oc-1a4"/>
      </symbol>
      <symbol id="sm-2a8">
         <name>__mspabi_slli_15</name>
         <value>0xd7ec</value>
         <object_component_ref idref="oc-1a4"/>
      </symbol>
      <symbol id="sm-2a9">
         <name>__mspabi_slli_14</name>
         <value>0xd7ee</value>
         <object_component_ref idref="oc-1a4"/>
      </symbol>
      <symbol id="sm-2aa">
         <name>__mspabi_slli_13</name>
         <value>0xd7f0</value>
         <object_component_ref idref="oc-1a4"/>
      </symbol>
      <symbol id="sm-2ab">
         <name>__mspabi_slli_12</name>
         <value>0xd7f2</value>
         <object_component_ref idref="oc-1a4"/>
      </symbol>
      <symbol id="sm-2ac">
         <name>__mspabi_slli_11</name>
         <value>0xd7f4</value>
         <object_component_ref idref="oc-1a4"/>
      </symbol>
      <symbol id="sm-2ad">
         <name>__mspabi_slli_10</name>
         <value>0xd7f6</value>
         <object_component_ref idref="oc-1a4"/>
      </symbol>
      <symbol id="sm-2bd">
         <name>__mspabi_slll_9</name>
         <value>0xd760</value>
         <object_component_ref idref="oc-1d0"/>
      </symbol>
      <symbol id="sm-2be">
         <name>__mspabi_slll_8</name>
         <value>0xd764</value>
         <object_component_ref idref="oc-1d0"/>
      </symbol>
      <symbol id="sm-2bf">
         <name>__mspabi_slll_7</name>
         <value>0xd768</value>
         <object_component_ref idref="oc-1d0"/>
      </symbol>
      <symbol id="sm-2c0">
         <name>__mspabi_slll_6</name>
         <value>0xd76c</value>
         <object_component_ref idref="oc-1d0"/>
      </symbol>
      <symbol id="sm-2c1">
         <name>__mspabi_slll_5</name>
         <value>0xd770</value>
         <object_component_ref idref="oc-1d0"/>
      </symbol>
      <symbol id="sm-2c2">
         <name>__mspabi_slll_4</name>
         <value>0xd774</value>
         <object_component_ref idref="oc-1d0"/>
      </symbol>
      <symbol id="sm-2c3">
         <name>__mspabi_slll_3</name>
         <value>0xd778</value>
         <object_component_ref idref="oc-1d0"/>
      </symbol>
      <symbol id="sm-2c4">
         <name>__mspabi_slll_2</name>
         <value>0xd77c</value>
         <object_component_ref idref="oc-1d0"/>
      </symbol>
      <symbol id="sm-2c5">
         <name>__mspabi_slll_1</name>
         <value>0xd780</value>
         <object_component_ref idref="oc-1d0"/>
      </symbol>
      <symbol id="sm-2c6">
         <name>__mspabi_slll</name>
         <value>0xd8b8</value>
         <object_component_ref idref="oc-218"/>
      </symbol>
      <symbol id="sm-2c7">
         <name>__mspabi_slll_15</name>
         <value>0xd748</value>
         <object_component_ref idref="oc-1d0"/>
      </symbol>
      <symbol id="sm-2c8">
         <name>__mspabi_slll_14</name>
         <value>0xd74c</value>
         <object_component_ref idref="oc-1d0"/>
      </symbol>
      <symbol id="sm-2c9">
         <name>__mspabi_slll_13</name>
         <value>0xd750</value>
         <object_component_ref idref="oc-1d0"/>
      </symbol>
      <symbol id="sm-2ca">
         <name>__mspabi_slll_12</name>
         <value>0xd754</value>
         <object_component_ref idref="oc-1d0"/>
      </symbol>
      <symbol id="sm-2cb">
         <name>__mspabi_slll_11</name>
         <value>0xd758</value>
         <object_component_ref idref="oc-1d0"/>
      </symbol>
      <symbol id="sm-2cc">
         <name>__mspabi_slll_10</name>
         <value>0xd75c</value>
         <object_component_ref idref="oc-1d0"/>
      </symbol>
      <symbol id="sm-2d4">
         <name>__mspabi_srli_8</name>
         <value>0xd658</value>
         <object_component_ref idref="oc-1d5"/>
      </symbol>
      <symbol id="sm-2d5">
         <name>__mspabi_srli_9</name>
         <value>0xd654</value>
         <object_component_ref idref="oc-1d5"/>
      </symbol>
      <symbol id="sm-2d6">
         <name>__mspabi_srli_6</name>
         <value>0xd660</value>
         <object_component_ref idref="oc-1d5"/>
      </symbol>
      <symbol id="sm-2d7">
         <name>__mspabi_srli_7</name>
         <value>0xd65c</value>
         <object_component_ref idref="oc-1d5"/>
      </symbol>
      <symbol id="sm-2d8">
         <name>__mspabi_srli_4</name>
         <value>0xd668</value>
         <object_component_ref idref="oc-1d5"/>
      </symbol>
      <symbol id="sm-2d9">
         <name>__mspabi_srli_5</name>
         <value>0xd664</value>
         <object_component_ref idref="oc-1d5"/>
      </symbol>
      <symbol id="sm-2da">
         <name>__mspabi_srli_2</name>
         <value>0xd670</value>
         <object_component_ref idref="oc-1d5"/>
      </symbol>
      <symbol id="sm-2db">
         <name>__mspabi_srli_3</name>
         <value>0xd66c</value>
         <object_component_ref idref="oc-1d5"/>
      </symbol>
      <symbol id="sm-2dc">
         <name>__mspabi_srli_1</name>
         <value>0xd674</value>
         <object_component_ref idref="oc-1d5"/>
      </symbol>
      <symbol id="sm-2dd">
         <name>__mspabi_srli</name>
         <value>0xd62e</value>
         <object_component_ref idref="oc-1d5"/>
      </symbol>
      <symbol id="sm-2de">
         <name>__mspabi_srli_15</name>
         <value>0xd63c</value>
         <object_component_ref idref="oc-1d5"/>
      </symbol>
      <symbol id="sm-2df">
         <name>__mspabi_srli_14</name>
         <value>0xd640</value>
         <object_component_ref idref="oc-1d5"/>
      </symbol>
      <symbol id="sm-2e0">
         <name>__mspabi_srli_13</name>
         <value>0xd644</value>
         <object_component_ref idref="oc-1d5"/>
      </symbol>
      <symbol id="sm-2e1">
         <name>__mspabi_srli_12</name>
         <value>0xd648</value>
         <object_component_ref idref="oc-1d5"/>
      </symbol>
      <symbol id="sm-2e2">
         <name>__mspabi_srli_11</name>
         <value>0xd64c</value>
         <object_component_ref idref="oc-1d5"/>
      </symbol>
      <symbol id="sm-2e3">
         <name>__mspabi_srli_10</name>
         <value>0xd650</value>
         <object_component_ref idref="oc-1d5"/>
      </symbol>
      <symbol id="sm-2f3">
         <name>__mspabi_srll_8</name>
         <value>0xd5a4</value>
         <object_component_ref idref="oc-1ef"/>
      </symbol>
      <symbol id="sm-2f4">
         <name>__mspabi_srll_9</name>
         <value>0xd59e</value>
         <object_component_ref idref="oc-1ef"/>
      </symbol>
      <symbol id="sm-2f5">
         <name>__mspabi_srll_6</name>
         <value>0xd5b0</value>
         <object_component_ref idref="oc-1ef"/>
      </symbol>
      <symbol id="sm-2f6">
         <name>__mspabi_srll_7</name>
         <value>0xd5aa</value>
         <object_component_ref idref="oc-1ef"/>
      </symbol>
      <symbol id="sm-2f7">
         <name>__mspabi_srll_4</name>
         <value>0xd5bc</value>
         <object_component_ref idref="oc-1ef"/>
      </symbol>
      <symbol id="sm-2f8">
         <name>__mspabi_srll_5</name>
         <value>0xd5b6</value>
         <object_component_ref idref="oc-1ef"/>
      </symbol>
      <symbol id="sm-2f9">
         <name>__mspabi_srll_2</name>
         <value>0xd5c8</value>
         <object_component_ref idref="oc-1ef"/>
      </symbol>
      <symbol id="sm-2fa">
         <name>__mspabi_srll_3</name>
         <value>0xd5c2</value>
         <object_component_ref idref="oc-1ef"/>
      </symbol>
      <symbol id="sm-2fb">
         <name>__mspabi_srll_1</name>
         <value>0xd5ce</value>
         <object_component_ref idref="oc-1ef"/>
      </symbol>
      <symbol id="sm-2fc">
         <name>__mspabi_srll_15</name>
         <value>0xd57a</value>
         <object_component_ref idref="oc-1ef"/>
      </symbol>
      <symbol id="sm-2fd">
         <name>__mspabi_srll_14</name>
         <value>0xd580</value>
         <object_component_ref idref="oc-1ef"/>
      </symbol>
      <symbol id="sm-2fe">
         <name>__mspabi_srll_13</name>
         <value>0xd586</value>
         <object_component_ref idref="oc-1ef"/>
      </symbol>
      <symbol id="sm-2ff">
         <name>__mspabi_srll_12</name>
         <value>0xd58c</value>
         <object_component_ref idref="oc-1ef"/>
      </symbol>
      <symbol id="sm-300">
         <name>__mspabi_srll_11</name>
         <value>0xd592</value>
         <object_component_ref idref="oc-1ef"/>
      </symbol>
      <symbol id="sm-301">
         <name>__mspabi_srll_10</name>
         <value>0xd598</value>
         <object_component_ref idref="oc-1ef"/>
      </symbol>
      <symbol id="sm-302">
         <name>__mspabi_srll</name>
         <value>0xd884</value>
         <object_component_ref idref="oc-1fd"/>
      </symbol>
      <symbol id="sm-310">
         <name>memcpy</name>
         <value>0xd896</value>
         <object_component_ref idref="oc-90"/>
      </symbol>
      <symbol id="sm-333">
         <name>__mspabi_mpyd</name>
         <value>0xcab0</value>
         <object_component_ref idref="oc-143"/>
      </symbol>
      <symbol id="sm-33c">
         <name>_system_pre_init</name>
         <value>0xd8ea</value>
         <object_component_ref idref="oc-bc"/>
      </symbol>
      <symbol id="sm-345">
         <name>__mspabi_subd</name>
         <value>0xd786</value>
         <object_component_ref idref="oc-162"/>
      </symbol>
      <symbol id="sm-368">
         <name>__mspabi_addd</name>
         <value>0xc7c8</value>
         <object_component_ref idref="oc-1dd"/>
      </symbol>
      <symbol id="sm-37a">
         <name>__mspabi_sral</name>
         <value>0xd8a8</value>
         <object_component_ref idref="oc-21d"/>
      </symbol>
      <symbol id="sm-37b">
         <name>__mspabi_sral_15</name>
         <value>0xd70a</value>
         <object_component_ref idref="oc-1a9"/>
      </symbol>
      <symbol id="sm-37c">
         <name>__mspabi_sral_14</name>
         <value>0xd70e</value>
         <object_component_ref idref="oc-1a9"/>
      </symbol>
      <symbol id="sm-37d">
         <name>__mspabi_sral_13</name>
         <value>0xd712</value>
         <object_component_ref idref="oc-1a9"/>
      </symbol>
      <symbol id="sm-37e">
         <name>__mspabi_sral_12</name>
         <value>0xd716</value>
         <object_component_ref idref="oc-1a9"/>
      </symbol>
      <symbol id="sm-37f">
         <name>__mspabi_sral_11</name>
         <value>0xd71a</value>
         <object_component_ref idref="oc-1a9"/>
      </symbol>
      <symbol id="sm-380">
         <name>__mspabi_sral_10</name>
         <value>0xd71e</value>
         <object_component_ref idref="oc-1a9"/>
      </symbol>
      <symbol id="sm-381">
         <name>__mspabi_sral_8</name>
         <value>0xd726</value>
         <object_component_ref idref="oc-1a9"/>
      </symbol>
      <symbol id="sm-382">
         <name>__mspabi_sral_9</name>
         <value>0xd722</value>
         <object_component_ref idref="oc-1a9"/>
      </symbol>
      <symbol id="sm-383">
         <name>__mspabi_sral_6</name>
         <value>0xd72e</value>
         <object_component_ref idref="oc-1a9"/>
      </symbol>
      <symbol id="sm-384">
         <name>__mspabi_sral_7</name>
         <value>0xd72a</value>
         <object_component_ref idref="oc-1a9"/>
      </symbol>
      <symbol id="sm-385">
         <name>__mspabi_sral_4</name>
         <value>0xd736</value>
         <object_component_ref idref="oc-1a9"/>
      </symbol>
      <symbol id="sm-386">
         <name>__mspabi_sral_5</name>
         <value>0xd732</value>
         <object_component_ref idref="oc-1a9"/>
      </symbol>
      <symbol id="sm-387">
         <name>__mspabi_sral_2</name>
         <value>0xd73e</value>
         <object_component_ref idref="oc-1a9"/>
      </symbol>
      <symbol id="sm-388">
         <name>__mspabi_sral_3</name>
         <value>0xd73a</value>
         <object_component_ref idref="oc-1a9"/>
      </symbol>
      <symbol id="sm-389">
         <name>__mspabi_sral_1</name>
         <value>0xd742</value>
         <object_component_ref idref="oc-1a9"/>
      </symbol>
      <symbol id="sm-3a0">
         <name>_auto_init</name>
         <value>0xd5d6</value>
         <object_component_ref idref="oc-c2"/>
      </symbol>
      <symbol id="sm-3c1">
         <name>__TI_frcaddd</name>
         <value>0xcd1e</value>
         <object_component_ref idref="oc-209"/>
      </symbol>
      <symbol id="sm-3d2">
         <name>__TI_frcmpyd</name>
         <value>0xc4d4</value>
         <object_component_ref idref="oc-1b5"/>
      </symbol>
      <symbol id="sm-3dc">
         <name>__mspabi_mpyl_sw</name>
         <value>0xd80c</value>
         <object_component_ref idref="oc-1f4"/>
      </symbol>
      <symbol id="sm-3dd">
         <name>__mspabi_mpyl</name>
         <value>0xd80c</value>
         <object_component_ref idref="oc-1f4"/>
      </symbol>
      <symbol id="sm-3f0">
         <name>__TI_renormd</name>
         <value>0xd170</value>
         <object_component_ref idref="oc-222"/>
      </symbol>
      <symbol id="sm-3f2">
         <name>__TI_INITARRAY_Base</name>
         <value>0x0</value>
      </symbol>
      <symbol id="sm-3f3">
         <name>__TI_INITARRAY_Limit</name>
         <value>0x0</value>
      </symbol>
   </symbol_table>
   <title>Link successful</title>
</link_info>
